<html>
<body>
<pre>
<h1>µVision Build Log</h1>
<h2>Tool Versions:</h2>
IDE-Version: ¦ÌVision V5.41.0.0
Copyright (C) 2024 ARM Ltd and ARM Germany GmbH. All rights reserved.
License Information: 1 1, 1, LIC=TIVNB-262JE-X7QRZ-JBTBM-XURXC-ZG4JM
 
Tool Versions:
Toolchain:       MDK-ARM Plus  Version: 5.41.0.0
Toolchain Path:  D:\app-one\Keil_v541\ARM\ARMCLANG\Bin
C Compiler:      ArmClang.exe V6.22
Assembler:       Armasm.exe V6.22
Linker/Locator:  ArmLink.exe V6.22
Library Manager: ArmAr.exe V6.22
Hex Converter:   FromElf.exe V6.22
CPU DLL:         
Dialog DLL:      
Target DLL:      Segger\JL2CM3.dll V2.99.45.0
Dialog DLL:      TCM.DLL V1.56.4.0
 
<h2>Project:</h2>
c:\Users\Admin\Desktop\project\project.uvprojx
Project File Date:  09/02/2025

<h2>Output:</h2>
*** Using Compiler 'V6.22', folder: 'D:\app-one\Keil_v541\ARM\ARMCLANG\Bin'
Build target 'rt-thread'
compiling cctype.c...
compiling device.c...
compiling syscall_mem.c...
compiling cstdlib.c...
compiling cunistd.c...
compiling cwchar.c...
compiling syscalls.c...
compiling ctime.c...
compiling cstring.c...
compiling board.c...
compiling dev_i2c_bit_ops.c...
compiling main.c...
compiling dev_i2c_dev.c...
compiling dev_i2c_core.c...
compiling completion_comm.c...
compiling completion_up.c...
compiling condvar.c...
compiling dataqueue.c...
compiling pipe.c...
compiling ringblk_buf.c...
compiling waitqueue.c...
compiling workqueue.c...
compiling ringbuffer.c...
compiling dev_touch.c...
compiling dev_pin.c...
compiling dev_serial.c...
compiling drv_uart.c...
compiling drv_sfc.c...
compiling drv_sdram.c...
compiling shell.c...
compiling msh.c...
compiling msh_parse.c...
compiling drv_gpio.c...
compiling cmd.c...
compiling drv_rgb_lcd.c...
compiling drv_soft_i2c.c...
compiling components.c...
compiling clock.c...
compiling cpu_up.c...
compiling gt9147.c...
compiling defunct.c...
compiling idle.c...
compiling irq.c...
compiling ipc.c...
compiling kservice.c...
compiling mem.c...
compiling memheap.c...
compiling object.c...
compiling scheduler_comm.c...
compiling kerrno.c...
compiling scheduler_up.c...
compiling thread.c...
compiling timer.c...
compiling kstdio.c...
compiling rt_vsscanf.c...
compiling rt_vsnprintf_tiny.c...
compiling kstring.c...
compiling div0.c...
compiling atomic_arm.c...
compiling showmem.c...
compiling trustzone.c...
compiling cpuport.c...
compiling SWM341_port.c...
compiling SWM341_sfc.c...
compiling SWM341_dma.c...
compiling SWM341_lcd.c...
compiling SWM341_i2c.c...
compiling SWM341_spi.c...
compiling SWM341_adc.c...
compiling SWM341_uart.c...
compiling SWM341_pwm.c...
compiling SWM341_crc.c...
compiling SWM341_can.c...
compiling SWM341_rtc.c...
compiling SWM341_timr.c...
compiling system_SWM341.c...
compiling SWM341_usbh.c...
compiling SWM341_usbd.c...
compiling SWM341_jpeg.c...
compiling SWM341_dac.c...
compiling SWM341_exti.c...
compiling SWM341_sdio.c...
compiling SWM341_iofilt.c...
compiling SWM341_wdt.c...
compiling SWM341_cordic.c...
compiling SWM341_sleep.c...
compiling SWM341_qei.c...
compiling SWM341_div.c...
compiling SWM341_flash.c...
compiling lv_draw_sdl_texture_cache.c...
compiling SWM341_sdram.c...
compiling SWM341_gpio.c...
compiling lv_grid.c...
compiling SWM341_dma2d.c...
compiling lv_gpu_d2_ra6m3.c...
compiling lv_hal_indev.c...
compiling lv_area.c...
compiling lv_font_montserrat_10.c...
compiling lv_draw_sw_line.c...
compiling lv_spinbox.c...
compiling lv_draw_sdl_label.c...
compiling lv_draw_sw_dither.c...
compiling lv_obj_scroll.c...
compiling lv_png.c...
compiling lv_lru.c...
compiling lv_draw_layer.c...
compiling lv_font_unscii_8.c...
compiling lv_spinner.c...
compiling lv_draw_sdl_utils.c...
compiling lv_fragment.c...
compiling lv_gc.c...
compiling lv_obj.c...
compiling lv_checkbox.c...
compiling lv_font_montserrat_20.c...
compiling lv_fs_fatfs.c...
compiling lv_draw_pxp.c...
compiling lv_font_dejavu_16_persian_hebrew.c...
compiling lv_animimg.c...
compiling lv_draw_sw_polygon.c...
compiling lv_draw_transform.c...
compiling lv_roller.c...
compiling lv_draw_vglite.c...
compiling lv_font_montserrat_36.c...
compiling lv_indev.c...
compiling lv_draw_sw_img.c...
compiling lv_tlsf.c...
compiling lv_slider.c...
compiling lv_qrcode.c...
compiling lv_draw_img.c...
compiling lv_calendar_header_arrow.c...
compiling gifdec.c...
compiling lv_gpu_nxp_pxp.c...
compiling lv_draw_sdl_layer.c...
compiling lv_snapshot.c...
compiling lv_draw_vglite_rect.c...
compiling lv_font_montserrat_28_compressed.c...
compiling lv_draw_sw_rect.c...
compiling lv_btnmatrix.c...
compiling lv_obj_draw.c...
compiling lv_anim.c...
compiling lv_font.c...
compiling lv_canvas.c...
compiling lv_style.c...
compiling lv_draw_vglite_line.c...
compiling lv_async.c...
compiling lv_draw_sdl_bg.c...
compiling lv_img_decoder.c...
compiling lv_font_simsun_16_cjk.c...
compiling lv_fs_littlefs.c...
compiling lv_tabview.c...
compiling qrcodegen.c...
compiling lv_ffmpeg.c...
compiling lv_draw_sw_transform.c...
compiling lv_font_montserrat_38.c...
compiling lv_table.c...
compiling lv_fs.c...
compiling lv_draw_sw.c...
compiling lv_font_loader.c...
compiling lv_theme_default.c...
compiling lv_gpu_swm341_dma2d.c...
compiling lv_bidi.c...
compiling lv_img.c...
compiling lv_fs_win32.c...
compiling lv_draw_rect.c...
compiling lv_vglite_buf.c...
compiling lv_font_montserrat_28.c...
compiling lv_gpu_d2_draw_label.c...
compiling lv_imgbtn.c...
compiling lv_utils.c...
compiling lv_font_montserrat_34.c...
compiling lv_event.c...
compiling lv_font_montserrat_12.c...
compiling lv_gridnav.c...
compiling lv_msg.c...
compiling lv_draw_sw_blend.c...
compiling lv_draw_sw_gradient.c...
compiling lv_log.c...
compiling lv_switch.c...
compiling lv_font_montserrat_16.c...
compiling lv_font_montserrat_30.c...
compiling lv_sjpg.c...
compiling lv_monkey.c...
compiling lv_draw_vglite_blend.c...
compiling lv_hal_disp.c...
compiling lv_fragment_manager.c...
compiling lv_anim_timeline.c...
compiling lv_freetype.c...
compiling lv_obj_pos.c...
compiling lv_draw_sdl_line.c...
compiling lv_font_montserrat_14.c...
compiling lv_label.c...
compiling lv_style_gen.c...
compiling lv_draw_vglite_arc.c...
compiling lv_draw_sdl_composite.c...
compiling lv_font_unscii_16.c...
compiling lv_font_montserrat_18.c...
compiling lv_color.c...
compiling lv_fs_stdio.c...
compiling lv_draw_sdl_mask.c...
compiling lv_font_montserrat_32.c...
compiling lv_led.c...
compiling lv_obj_style.c...
compiling lv_ime_pinyin.c...
compiling lv_img_cache.c...
compiling lv_mem.c...
compiling lv_draw_sdl_rect.c...
compiling lv_textarea.c...
compiling lv_win.c...
compiling lv_font_montserrat_42.c...
compiling lodepng.c...
compiling lv_draw_triangle.c...
compiling lv_gif.c...
compiling lv_dropdown.c...
compiling lv_tileview.c...
compiling lv_vglite_utils.c...
compiling lv_templ.c...
compiling lv_calendar_header_dropdown.c...
compiling lv_tiny_ttf.c...
compiling lv_draw_arc.c...
compiling lv_draw_pxp_blend.c...
compiling lv_font_montserrat_26.c...
compiling lv_keyboard.c...
compiling lv_group.c...
compiling lv_imgfont.c...
compiling lv_gpu_arm2d.c...
compiling lv_ll.c...
compiling lv_span.c...
compiling lv_font_montserrat_22.c...
compiling lv_menu.c...
compiling lv_indev_scroll.c...
compiling lv_font_montserrat_12_subpx.c...
compiling lv_draw_sw_letter.c...
compiling lv_theme_mono.c...
compiling lv_flex.c...
compiling lv_line.c...
compiling lv_font_montserrat_46.c...
compiling lv_draw_line.c...
compiling lv_txt.c...
compiling lv_obj_class.c...
compiling lv_printf.c...
compiling lv_calendar.c...
compiling lv_font_montserrat_48.c...
compiling lv_img_buf.c...
compiling lv_obj_tree.c...
compiling lv_chart.c...
compiling lv_arc.c...
compiling lv_list.c...
compiling lv_theme.c...
compiling lv_draw_sdl_polygon.c...
compiling lv_draw_mask.c...
compiling lv_draw_sdl.c...
compiling lv_fs_posix.c...
compiling lv_timer.c...
compiling lv_msgbox.c...
compiling lv_font_montserrat_8.c...
compiling lv_objx_templ.c...
compiling lv_extra.c...
compiling lv_draw_sw_arc.c...
compiling lv_colorwheel.c...
compiling lv_txt_ap.c...
compiling lv_bmp.c...
compiling lv_font_montserrat_40.c...
compiling lv_obj_style_gen.c...
compiling lv_draw_sw_layer.c...
compiling lv_rlottie.c...
compiling lv_theme_basic.c...
compiling lv_gpu_stm32_dma2d.c...
compiling lv_draw_sdl_arc.c...
compiling lv_hal_tick.c...
compiling lv_draw.c...
compiling tjpgd.c...
compiling lv_bar.c...
compiling lv_meter.c...
compiling lv_refr.c...
compiling lv_gpu_nxp_pxp_osa.c...
compiling lv_math.c...
compiling lv_draw_sdl_stack_blur.c...
compiling lv_font_montserrat_24.c...
compiling lv_draw_sdl_img.c...
compiling lv_font_fmt_txt.c...
compiling lv_btn.c...
compiling lv_draw_label.c...
compiling lv_disp.c...
compiling lv_font_montserrat_44.c...
compiling page1.c...
compiling page2.c...
compiling anima.c...
compiling pm_utils.c...
compiling lvgl_app.c...
compiling pm.c...
compiling lv_rt_thread_port.c...
compiling lv_port_indev.c...
compiling lv_port_disp.c...
linking...
Program Size: Code=227430 RO-data=26522 RW-data=785864 ZI-data=14904  
FromELF: creating hex file...
After Build - User command #1: fromelf --bin .\build\keil\Obj\rt-thread.axf --output rtthread.bin
".\build\keil\Obj\rt-thread.axf" - 0 Error(s), 0 Warning(s).

<h2>Software Packages used:</h2>

Package Vendor: Synwit
                http://www.synwit.com/pack/Synwit.SWM32_DFP.2.1.4.pack
                Synwit::SWM32_DFP@2.1.4
                Synwit 32bit MCU Device Support

<h2>Collection of Component include folders:</h2>
  C:/Users/Admin/AppData/Local/Arm/Packs/Synwit/SWM32_DFP/2.1.4/CSL/SWM341/CMSIS/DeviceSupport

<h2>Collection of Component Files used:</h2>
Build Time Elapsed:  00:00:54
</pre>
</body>
</html>
