<html>
<body>
<pre>
<h1>µVision Build Log</h1>
<h2>Tool Versions:</h2>
IDE-Version: ¦ÌVision V5.41.0.0
Copyright (C) 2024 ARM Ltd and ARM Germany GmbH. All rights reserved.
License Information: 1 1, 1, LIC=TIVNB-262JE-X7QRZ-JBTBM-XURXC-ZG4JM
 
Tool Versions:
Toolchain:       MDK-ARM Plus  Version: 5.41.0.0
Toolchain Path:  D:\app-one\Keil_v541\ARM\ARMCLANG\Bin
C Compiler:      ArmClang.exe V6.22
Assembler:       Armasm.exe V6.22
Linker/Locator:  ArmLink.exe V6.22
Library Manager: ArmAr.exe V6.22
Hex Converter:   FromElf.exe V6.22
CPU DLL:         
Dialog DLL:      
Target DLL:      Segger\JL2CM3.dll V2.99.45.0
Dialog DLL:      TCM.DLL V1.56.4.0
 
<h2>Project:</h2>
c:\Users\Admin\Desktop\project\project.uvprojx
Project File Date:  09/02/2025

<h2>Output:</h2>
*** Using Compiler 'V6.22', folder: 'D:\app-one\Keil_v541\ARM\ARMCLANG\Bin'
Build target 'rt-thread'
compiling page1.c...
linking...
Program Size: Code=227430 RO-data=26522 RW-data=785864 ZI-data=14904  
FromELF: creating hex file...
After Build - User command #1: fromelf --bin .\build\keil\Obj\rt-thread.axf --output rtthread.bin
".\build\keil\Obj\rt-thread.axf" - 0 Error(s), 0 Warning(s).

<h2>Software Packages used:</h2>

Package Vendor: Synwit
                http://www.synwit.com/pack/Synwit.SWM32_DFP.2.1.4.pack
                Synwit::SWM32_DFP@2.1.4
                Synwit 32bit MCU Device Support

<h2>Collection of Component include folders:</h2>
  C:/Users/Admin/AppData/Local/Arm/Packs/Synwit/SWM32_DFP/2.1.4/CSL/SWM341/CMSIS/DeviceSupport

<h2>Collection of Component Files used:</h2>
Build Time Elapsed:  00:00:22
</pre>
</body>
</html>
