<!doctype html public "-//w3c//dtd html 4.0 transitional//en">
<html><head>
<title>Static Call Graph - [.\build\keil\Obj\rt-thread.axf]</title></head>
<body><HR>
<H1>Static Call Graph for image .\build\keil\Obj\rt-thread.axf</H1><HR>
<BR><P>#&#060CALLGRAPH&#062# ARM Linker, 6220000: Last Updated: Wed Sep  3 10:26:09 2025
<BR><P>
<H3>Maximum Stack Usage =       1320 bytes + Unknown(Functions without stacksize, Cycles, Untraceable Function Pointers)</H3><H3>
Call chain for Maximum Stack Depth:</H3>
lv_slider_event &rArr; lv_bar_event &rArr; lv_obj_event &rArr; lv_obj_scroll_to_y &rArr; lv_obj_scroll_by_bounded &rArr; lv_obj_update_layout &rArr; layout_update_core &rArr;  layout_update_core (Cycle)
<P>
<H3>
Functions with no stack information
</H3><UL>
 <LI><a href="#[1a8]">__user_initial_stackheap</a>
</UL>
</UL>
<P>
<H3>
Mutually Recursive functions
</H3> <LI><a href="#[1bc]">rt_assert_handler</a>&nbsp;&nbsp;&nbsp;&rArr;&nbsp;&nbsp;&nbsp;<a href="#[207]">rt_kprintf</a><BR>
 <LI><a href="#[22c]">rt_backtrace</a>&nbsp;&nbsp;&nbsp;&rArr;&nbsp;&nbsp;&nbsp;<a href="#[207]">rt_kprintf</a><BR>
 <LI><a href="#[316]">rt_hw_backtrace_frame_unwind</a>&nbsp;&nbsp;&nbsp;&rArr;&nbsp;&nbsp;&nbsp;<a href="#[207]">rt_kprintf</a><BR>
 <LI><a href="#[3]">NMI_Handler</a>&nbsp;&nbsp;&nbsp;&rArr;&nbsp;&nbsp;&nbsp;<a href="#[3]">NMI_Handler</a><BR>
 <LI><a href="#[5]">MemManage_Handler</a>&nbsp;&nbsp;&nbsp;&rArr;&nbsp;&nbsp;&nbsp;<a href="#[5]">MemManage_Handler</a><BR>
 <LI><a href="#[6]">BusFault_Handler</a>&nbsp;&nbsp;&nbsp;&rArr;&nbsp;&nbsp;&nbsp;<a href="#[6]">BusFault_Handler</a><BR>
 <LI><a href="#[7]">UsageFault_Handler</a>&nbsp;&nbsp;&nbsp;&rArr;&nbsp;&nbsp;&nbsp;<a href="#[7]">UsageFault_Handler</a><BR>
 <LI><a href="#[9]">DebugMon_Handler</a>&nbsp;&nbsp;&nbsp;&rArr;&nbsp;&nbsp;&nbsp;<a href="#[9]">DebugMon_Handler</a><BR>
 <LI><a href="#[d]">UART1_Handler</a>&nbsp;&nbsp;&nbsp;&rArr;&nbsp;&nbsp;&nbsp;<a href="#[d]">UART1_Handler</a><BR>
 <LI><a href="#[e]">TIMR0_Handler</a>&nbsp;&nbsp;&nbsp;&rArr;&nbsp;&nbsp;&nbsp;<a href="#[e]">TIMR0_Handler</a><BR>
 <LI><a href="#[f]">TIMR1_Handler</a>&nbsp;&nbsp;&nbsp;&rArr;&nbsp;&nbsp;&nbsp;<a href="#[f]">TIMR1_Handler</a><BR>
 <LI><a href="#[10]">DMA_Handler</a>&nbsp;&nbsp;&nbsp;&rArr;&nbsp;&nbsp;&nbsp;<a href="#[10]">DMA_Handler</a><BR>
 <LI><a href="#[11]">SPI0_Handler</a>&nbsp;&nbsp;&nbsp;&rArr;&nbsp;&nbsp;&nbsp;<a href="#[11]">SPI0_Handler</a><BR>
 <LI><a href="#[12]">PWM0_Handler</a>&nbsp;&nbsp;&nbsp;&rArr;&nbsp;&nbsp;&nbsp;<a href="#[12]">PWM0_Handler</a><BR>
 <LI><a href="#[13]">WDT_Handler</a>&nbsp;&nbsp;&nbsp;&rArr;&nbsp;&nbsp;&nbsp;<a href="#[13]">WDT_Handler</a><BR>
 <LI><a href="#[14]">UART2_Handler</a>&nbsp;&nbsp;&nbsp;&rArr;&nbsp;&nbsp;&nbsp;<a href="#[14]">UART2_Handler</a><BR>
 <LI><a href="#[15]">PWM1_Handler</a>&nbsp;&nbsp;&nbsp;&rArr;&nbsp;&nbsp;&nbsp;<a href="#[15]">PWM1_Handler</a><BR>
 <LI><a href="#[16]">ADC0_Handler</a>&nbsp;&nbsp;&nbsp;&rArr;&nbsp;&nbsp;&nbsp;<a href="#[16]">ADC0_Handler</a><BR>
 <LI><a href="#[17]">BTIMR0_Handler</a>&nbsp;&nbsp;&nbsp;&rArr;&nbsp;&nbsp;&nbsp;<a href="#[17]">BTIMR0_Handler</a><BR>
 <LI><a href="#[18]">HALL0_Handler</a>&nbsp;&nbsp;&nbsp;&rArr;&nbsp;&nbsp;&nbsp;<a href="#[18]">HALL0_Handler</a><BR>
 <LI><a href="#[19]">PWM2_Handler</a>&nbsp;&nbsp;&nbsp;&rArr;&nbsp;&nbsp;&nbsp;<a href="#[19]">PWM2_Handler</a><BR>
 <LI><a href="#[1a]">PWMBRK_Handler</a>&nbsp;&nbsp;&nbsp;&rArr;&nbsp;&nbsp;&nbsp;<a href="#[1a]">PWMBRK_Handler</a><BR>
 <LI><a href="#[1b]">I2C0_Handler</a>&nbsp;&nbsp;&nbsp;&rArr;&nbsp;&nbsp;&nbsp;<a href="#[1b]">I2C0_Handler</a><BR>
 <LI><a href="#[1c]">CAN0_Handler</a>&nbsp;&nbsp;&nbsp;&rArr;&nbsp;&nbsp;&nbsp;<a href="#[1c]">CAN0_Handler</a><BR>
 <LI><a href="#[1d]">SPI1_Handler</a>&nbsp;&nbsp;&nbsp;&rArr;&nbsp;&nbsp;&nbsp;<a href="#[1d]">SPI1_Handler</a><BR>
 <LI><a href="#[1e]">RTC_Handler</a>&nbsp;&nbsp;&nbsp;&rArr;&nbsp;&nbsp;&nbsp;<a href="#[1e]">RTC_Handler</a><BR>
 <LI><a href="#[1f]">PWM3_Handler</a>&nbsp;&nbsp;&nbsp;&rArr;&nbsp;&nbsp;&nbsp;<a href="#[1f]">PWM3_Handler</a><BR>
 <LI><a href="#[20]">TIMR2_Handler</a>&nbsp;&nbsp;&nbsp;&rArr;&nbsp;&nbsp;&nbsp;<a href="#[20]">TIMR2_Handler</a><BR>
 <LI><a href="#[21]">UART3_Handler</a>&nbsp;&nbsp;&nbsp;&rArr;&nbsp;&nbsp;&nbsp;<a href="#[21]">UART3_Handler</a><BR>
 <LI><a href="#[22]">TIMR3_Handler</a>&nbsp;&nbsp;&nbsp;&rArr;&nbsp;&nbsp;&nbsp;<a href="#[22]">TIMR3_Handler</a><BR>
 <LI><a href="#[23]">ADC1_Handler</a>&nbsp;&nbsp;&nbsp;&rArr;&nbsp;&nbsp;&nbsp;<a href="#[23]">ADC1_Handler</a><BR>
 <LI><a href="#[24]">BOD_Handler</a>&nbsp;&nbsp;&nbsp;&rArr;&nbsp;&nbsp;&nbsp;<a href="#[24]">BOD_Handler</a><BR>
 <LI><a href="#[25]">CORDIC_Handler</a>&nbsp;&nbsp;&nbsp;&rArr;&nbsp;&nbsp;&nbsp;<a href="#[25]">CORDIC_Handler</a><BR>
 <LI><a href="#[26]">BTIMR1_Handler</a>&nbsp;&nbsp;&nbsp;&rArr;&nbsp;&nbsp;&nbsp;<a href="#[26]">BTIMR1_Handler</a><BR>
 <LI><a href="#[27]">PWM4_Handler</a>&nbsp;&nbsp;&nbsp;&rArr;&nbsp;&nbsp;&nbsp;<a href="#[27]">PWM4_Handler</a><BR>
 <LI><a href="#[28]">HALL3_Handler</a>&nbsp;&nbsp;&nbsp;&rArr;&nbsp;&nbsp;&nbsp;<a href="#[28]">HALL3_Handler</a><BR>
 <LI><a href="#[29]">BTIMR2_Handler</a>&nbsp;&nbsp;&nbsp;&rArr;&nbsp;&nbsp;&nbsp;<a href="#[29]">BTIMR2_Handler</a><BR>
 <LI><a href="#[2a]">I2C1_Handler</a>&nbsp;&nbsp;&nbsp;&rArr;&nbsp;&nbsp;&nbsp;<a href="#[2a]">I2C1_Handler</a><BR>
 <LI><a href="#[2b]">BTIMR3_Handler</a>&nbsp;&nbsp;&nbsp;&rArr;&nbsp;&nbsp;&nbsp;<a href="#[2b]">BTIMR3_Handler</a><BR>
 <LI><a href="#[2c]">ACMP_Handler</a>&nbsp;&nbsp;&nbsp;&rArr;&nbsp;&nbsp;&nbsp;<a href="#[2c]">ACMP_Handler</a><BR>
 <LI><a href="#[2d]">XTALSTOP_Handler</a>&nbsp;&nbsp;&nbsp;&rArr;&nbsp;&nbsp;&nbsp;<a href="#[2d]">XTALSTOP_Handler</a><BR>
 <LI><a href="#[2e]">FSPI_Handler</a>&nbsp;&nbsp;&nbsp;&rArr;&nbsp;&nbsp;&nbsp;<a href="#[2e]">FSPI_Handler</a><BR>
 <LI><a href="#[35]">GPIOA0_Handler</a>&nbsp;&nbsp;&nbsp;&rArr;&nbsp;&nbsp;&nbsp;<a href="#[35]">GPIOA0_Handler</a><BR>
 <LI><a href="#[36]">GPIOA1_Handler</a>&nbsp;&nbsp;&nbsp;&rArr;&nbsp;&nbsp;&nbsp;<a href="#[36]">GPIOA1_Handler</a><BR>
 <LI><a href="#[37]">GPIOA5_Handler</a>&nbsp;&nbsp;&nbsp;&rArr;&nbsp;&nbsp;&nbsp;<a href="#[37]">GPIOA5_Handler</a><BR>
 <LI><a href="#[38]">GPIOA6_Handler</a>&nbsp;&nbsp;&nbsp;&rArr;&nbsp;&nbsp;&nbsp;<a href="#[38]">GPIOA6_Handler</a><BR>
 <LI><a href="#[39]">GPIOA10_Handler</a>&nbsp;&nbsp;&nbsp;&rArr;&nbsp;&nbsp;&nbsp;<a href="#[39]">GPIOA10_Handler</a><BR>
 <LI><a href="#[3a]">GPIOA11_Handler</a>&nbsp;&nbsp;&nbsp;&rArr;&nbsp;&nbsp;&nbsp;<a href="#[3a]">GPIOA11_Handler</a><BR>
 <LI><a href="#[3b]">GPIOA12_Handler</a>&nbsp;&nbsp;&nbsp;&rArr;&nbsp;&nbsp;&nbsp;<a href="#[3b]">GPIOA12_Handler</a><BR>
 <LI><a href="#[3c]">GPIOA13_Handler</a>&nbsp;&nbsp;&nbsp;&rArr;&nbsp;&nbsp;&nbsp;<a href="#[3c]">GPIOA13_Handler</a><BR>
 <LI><a href="#[3d]">GPIOB0_Handler</a>&nbsp;&nbsp;&nbsp;&rArr;&nbsp;&nbsp;&nbsp;<a href="#[3d]">GPIOB0_Handler</a><BR>
 <LI><a href="#[3e]">GPIOB1_Handler</a>&nbsp;&nbsp;&nbsp;&rArr;&nbsp;&nbsp;&nbsp;<a href="#[3e]">GPIOB1_Handler</a><BR>
 <LI><a href="#[3f]">GPIOB2_Handler</a>&nbsp;&nbsp;&nbsp;&rArr;&nbsp;&nbsp;&nbsp;<a href="#[3f]">GPIOB2_Handler</a><BR>
 <LI><a href="#[40]">GPIOC0_Handler</a>&nbsp;&nbsp;&nbsp;&rArr;&nbsp;&nbsp;&nbsp;<a href="#[40]">GPIOC0_Handler</a><BR>
 <LI><a href="#[41]">GPIOC1_Handler</a>&nbsp;&nbsp;&nbsp;&rArr;&nbsp;&nbsp;&nbsp;<a href="#[41]">GPIOC1_Handler</a><BR>
 <LI><a href="#[42]">GPIOC2_Handler</a>&nbsp;&nbsp;&nbsp;&rArr;&nbsp;&nbsp;&nbsp;<a href="#[42]">GPIOC2_Handler</a><BR>
 <LI><a href="#[43]">GPIOC3_Handler</a>&nbsp;&nbsp;&nbsp;&rArr;&nbsp;&nbsp;&nbsp;<a href="#[43]">GPIOC3_Handler</a><BR>
 <LI><a href="#[44]">GPIOC4_Handler</a>&nbsp;&nbsp;&nbsp;&rArr;&nbsp;&nbsp;&nbsp;<a href="#[44]">GPIOC4_Handler</a><BR>
 <LI><a href="#[45]">GPIOD3_Handler</a>&nbsp;&nbsp;&nbsp;&rArr;&nbsp;&nbsp;&nbsp;<a href="#[45]">GPIOD3_Handler</a><BR>
 <LI><a href="#[46]">GPIOD4_Handler</a>&nbsp;&nbsp;&nbsp;&rArr;&nbsp;&nbsp;&nbsp;<a href="#[46]">GPIOD4_Handler</a><BR>
 <LI><a href="#[47]">GPIOD5_Handler</a>&nbsp;&nbsp;&nbsp;&rArr;&nbsp;&nbsp;&nbsp;<a href="#[47]">GPIOD5_Handler</a><BR>
 <LI><a href="#[48]">GPIOD6_Handler</a>&nbsp;&nbsp;&nbsp;&rArr;&nbsp;&nbsp;&nbsp;<a href="#[48]">GPIOD6_Handler</a><BR>
 <LI><a href="#[49]">GPIOD7_Handler</a>&nbsp;&nbsp;&nbsp;&rArr;&nbsp;&nbsp;&nbsp;<a href="#[49]">GPIOD7_Handler</a><BR>
 <LI><a href="#[4a]">GPIOD8_Handler</a>&nbsp;&nbsp;&nbsp;&rArr;&nbsp;&nbsp;&nbsp;<a href="#[4a]">GPIOD8_Handler</a><BR>
 <LI><a href="#[4b]">GPIOC9_Handler</a>&nbsp;&nbsp;&nbsp;&rArr;&nbsp;&nbsp;&nbsp;<a href="#[4b]">GPIOC9_Handler</a><BR>
 <LI><a href="#[4c]">GPIOC10_Handler</a>&nbsp;&nbsp;&nbsp;&rArr;&nbsp;&nbsp;&nbsp;<a href="#[4c]">GPIOC10_Handler</a><BR>
 <LI><a href="#[4d]">GPIOC11_Handler</a>&nbsp;&nbsp;&nbsp;&rArr;&nbsp;&nbsp;&nbsp;<a href="#[4d]">GPIOC11_Handler</a><BR>
 <LI><a href="#[4e]">GPIOC12_Handler</a>&nbsp;&nbsp;&nbsp;&rArr;&nbsp;&nbsp;&nbsp;<a href="#[4e]">GPIOC12_Handler</a><BR>
 <LI><a href="#[4f]">GPIOM0_Handler</a>&nbsp;&nbsp;&nbsp;&rArr;&nbsp;&nbsp;&nbsp;<a href="#[4f]">GPIOM0_Handler</a><BR>
 <LI><a href="#[50]">GPIOM1_Handler</a>&nbsp;&nbsp;&nbsp;&rArr;&nbsp;&nbsp;&nbsp;<a href="#[50]">GPIOM1_Handler</a><BR>
 <LI><a href="#[51]">GPIOM2_Handler</a>&nbsp;&nbsp;&nbsp;&rArr;&nbsp;&nbsp;&nbsp;<a href="#[51]">GPIOM2_Handler</a><BR>
 <LI><a href="#[52]">GPIOM3_Handler</a>&nbsp;&nbsp;&nbsp;&rArr;&nbsp;&nbsp;&nbsp;<a href="#[52]">GPIOM3_Handler</a><BR>
 <LI><a href="#[53]">GPIOM4_Handler</a>&nbsp;&nbsp;&nbsp;&rArr;&nbsp;&nbsp;&nbsp;<a href="#[53]">GPIOM4_Handler</a><BR>
 <LI><a href="#[54]">DIV_Handler</a>&nbsp;&nbsp;&nbsp;&rArr;&nbsp;&nbsp;&nbsp;<a href="#[54]">DIV_Handler</a><BR>
 <LI><a href="#[55]">LCD_Handler</a>&nbsp;&nbsp;&nbsp;&rArr;&nbsp;&nbsp;&nbsp;<a href="#[55]">LCD_Handler</a><BR>
 <LI><a href="#[57]">JPEG_Handler</a>&nbsp;&nbsp;&nbsp;&rArr;&nbsp;&nbsp;&nbsp;<a href="#[57]">JPEG_Handler</a><BR>
 <LI><a href="#[58]">SDIO_Handler</a>&nbsp;&nbsp;&nbsp;&rArr;&nbsp;&nbsp;&nbsp;<a href="#[58]">SDIO_Handler</a><BR>
 <LI><a href="#[59]">USB_Handler</a>&nbsp;&nbsp;&nbsp;&rArr;&nbsp;&nbsp;&nbsp;<a href="#[59]">USB_Handler</a><BR>
 <LI><a href="#[5a]">CAN1_Handler</a>&nbsp;&nbsp;&nbsp;&rArr;&nbsp;&nbsp;&nbsp;<a href="#[5a]">CAN1_Handler</a><BR>
 <LI><a href="#[5b]">TIMR4_Handler</a>&nbsp;&nbsp;&nbsp;&rArr;&nbsp;&nbsp;&nbsp;<a href="#[5b]">TIMR4_Handler</a><BR>
 <LI><a href="#[5c]">BTIMR4_Handler</a>&nbsp;&nbsp;&nbsp;&rArr;&nbsp;&nbsp;&nbsp;<a href="#[5c]">BTIMR4_Handler</a><BR>
 <LI><a href="#[5d]">BTIMR5_Handler</a>&nbsp;&nbsp;&nbsp;&rArr;&nbsp;&nbsp;&nbsp;<a href="#[5d]">BTIMR5_Handler</a><BR>
 <LI><a href="#[5e]">BTIMR6_Handler</a>&nbsp;&nbsp;&nbsp;&rArr;&nbsp;&nbsp;&nbsp;<a href="#[5e]">BTIMR6_Handler</a><BR>
 <LI><a href="#[5f]">BTIMR7_Handler</a>&nbsp;&nbsp;&nbsp;&rArr;&nbsp;&nbsp;&nbsp;<a href="#[5f]">BTIMR7_Handler</a><BR>
 <LI><a href="#[60]">BTIMR8_Handler</a>&nbsp;&nbsp;&nbsp;&rArr;&nbsp;&nbsp;&nbsp;<a href="#[60]">BTIMR8_Handler</a><BR>
 <LI><a href="#[61]">BTIMR9_Handler</a>&nbsp;&nbsp;&nbsp;&rArr;&nbsp;&nbsp;&nbsp;<a href="#[61]">BTIMR9_Handler</a><BR>
 <LI><a href="#[62]">BTIMR10_Handler</a>&nbsp;&nbsp;&nbsp;&rArr;&nbsp;&nbsp;&nbsp;<a href="#[62]">BTIMR10_Handler</a><BR>
 <LI><a href="#[63]">BTIMR11_Handler</a>&nbsp;&nbsp;&nbsp;&rArr;&nbsp;&nbsp;&nbsp;<a href="#[63]">BTIMR11_Handler</a><BR>
 <LI><a href="#[64]">DMA2D_Handler</a>&nbsp;&nbsp;&nbsp;&rArr;&nbsp;&nbsp;&nbsp;<a href="#[64]">DMA2D_Handler</a><BR>
 <LI><a href="#[65]">QEI_Handler</a>&nbsp;&nbsp;&nbsp;&rArr;&nbsp;&nbsp;&nbsp;<a href="#[65]">QEI_Handler</a><BR>
 <LI><a href="#[2cd]">lv_obj_transform_point</a>&nbsp;&nbsp;&nbsp;&rArr;&nbsp;&nbsp;&nbsp;<a href="#[2cd]">lv_obj_transform_point</a><BR>
 <LI><a href="#[1f4]">lv_obj_move_children_by</a>&nbsp;&nbsp;&nbsp;&rArr;&nbsp;&nbsp;&nbsp;<a href="#[1f4]">lv_obj_move_children_by</a><BR>
 <LI><a href="#[28c]">layout_update_core</a>&nbsp;&nbsp;&nbsp;&rArr;&nbsp;&nbsp;&nbsp;<a href="#[28c]">layout_update_core</a><BR>
 <LI><a href="#[2f6]">refresh_children_style</a>&nbsp;&nbsp;&nbsp;&rArr;&nbsp;&nbsp;&nbsp;<a href="#[2f6]">refresh_children_style</a><BR>
 <LI><a href="#[2ea]">lv_obj_construct</a>&nbsp;&nbsp;&nbsp;&rArr;&nbsp;&nbsp;&nbsp;<a href="#[2ea]">lv_obj_construct</a><BR>
 <LI><a href="#[21f]">apply_theme</a>&nbsp;&nbsp;&nbsp;&rArr;&nbsp;&nbsp;&nbsp;<a href="#[21f]">apply_theme</a><BR>
 <LI><a href="#[27f]">lv_indev_search_obj</a>&nbsp;&nbsp;&nbsp;&rArr;&nbsp;&nbsp;&nbsp;<a href="#[27f]">lv_indev_search_obj</a><BR>
 <LI><a href="#[2eb]">obj_del_core</a>&nbsp;&nbsp;&nbsp;&rArr;&nbsp;&nbsp;&nbsp;<a href="#[2eb]">obj_del_core</a><BR>
 <LI><a href="#[2f4]">lv_obj_redraw</a>&nbsp;&nbsp;&nbsp;&rArr;&nbsp;&nbsp;&nbsp;<a href="#[2f5]">refr_obj</a><BR>
 <LI><a href="#[2fd]">lv_refr_get_top_obj</a>&nbsp;&nbsp;&nbsp;&rArr;&nbsp;&nbsp;&nbsp;<a href="#[2fd]">lv_refr_get_top_obj</a><BR>
 <LI><a href="#[30e]">report_style_change_core</a>&nbsp;&nbsp;&nbsp;&rArr;&nbsp;&nbsp;&nbsp;<a href="#[30e]">report_style_change_core</a><BR>
</UL>
<P>
<H3>
Function Pointers
</H3><UL>
 <LI><a href="#[2c]">ACMP_Handler</a> from startup_swm341.o(.text) referenced from startup_swm341.o(RESET)
 <LI><a href="#[16]">ADC0_Handler</a> from startup_swm341.o(.text) referenced from startup_swm341.o(RESET)
 <LI><a href="#[23]">ADC1_Handler</a> from startup_swm341.o(.text) referenced from startup_swm341.o(RESET)
 <LI><a href="#[24]">BOD_Handler</a> from startup_swm341.o(.text) referenced from startup_swm341.o(RESET)
 <LI><a href="#[17]">BTIMR0_Handler</a> from startup_swm341.o(.text) referenced from startup_swm341.o(RESET)
 <LI><a href="#[62]">BTIMR10_Handler</a> from startup_swm341.o(.text) referenced from startup_swm341.o(RESET)
 <LI><a href="#[63]">BTIMR11_Handler</a> from startup_swm341.o(.text) referenced from startup_swm341.o(RESET)
 <LI><a href="#[26]">BTIMR1_Handler</a> from startup_swm341.o(.text) referenced from startup_swm341.o(RESET)
 <LI><a href="#[29]">BTIMR2_Handler</a> from startup_swm341.o(.text) referenced from startup_swm341.o(RESET)
 <LI><a href="#[2b]">BTIMR3_Handler</a> from startup_swm341.o(.text) referenced from startup_swm341.o(RESET)
 <LI><a href="#[5c]">BTIMR4_Handler</a> from startup_swm341.o(.text) referenced from startup_swm341.o(RESET)
 <LI><a href="#[5d]">BTIMR5_Handler</a> from startup_swm341.o(.text) referenced from startup_swm341.o(RESET)
 <LI><a href="#[5e]">BTIMR6_Handler</a> from startup_swm341.o(.text) referenced from startup_swm341.o(RESET)
 <LI><a href="#[5f]">BTIMR7_Handler</a> from startup_swm341.o(.text) referenced from startup_swm341.o(RESET)
 <LI><a href="#[60]">BTIMR8_Handler</a> from startup_swm341.o(.text) referenced from startup_swm341.o(RESET)
 <LI><a href="#[61]">BTIMR9_Handler</a> from startup_swm341.o(.text) referenced from startup_swm341.o(RESET)
 <LI><a href="#[6]">BusFault_Handler</a> from startup_swm341.o(.text) referenced from startup_swm341.o(RESET)
 <LI><a href="#[1c]">CAN0_Handler</a> from startup_swm341.o(.text) referenced from startup_swm341.o(RESET)
 <LI><a href="#[5a]">CAN1_Handler</a> from startup_swm341.o(.text) referenced from startup_swm341.o(RESET)
 <LI><a href="#[25]">CORDIC_Handler</a> from startup_swm341.o(.text) referenced from startup_swm341.o(RESET)
 <LI><a href="#[54]">DIV_Handler</a> from startup_swm341.o(.text) referenced from startup_swm341.o(RESET)
 <LI><a href="#[64]">DMA2D_Handler</a> from startup_swm341.o(.text) referenced from startup_swm341.o(RESET)
 <LI><a href="#[10]">DMA_Handler</a> from startup_swm341.o(.text) referenced from startup_swm341.o(RESET)
 <LI><a href="#[9]">DebugMon_Handler</a> from startup_swm341.o(.text) referenced from startup_swm341.o(RESET)
 <LI><a href="#[66]">FPU_Enable</a> from lto-llvm-39c410.o(.text.FPU_Enable) referenced from startup_swm341.o(.text)
 <LI><a href="#[2e]">FSPI_Handler</a> from startup_swm341.o(.text) referenced from startup_swm341.o(RESET)
 <LI><a href="#[35]">GPIOA0_Handler</a> from startup_swm341.o(.text) referenced from startup_swm341.o(RESET)
 <LI><a href="#[39]">GPIOA10_Handler</a> from startup_swm341.o(.text) referenced from startup_swm341.o(RESET)
 <LI><a href="#[3a]">GPIOA11_Handler</a> from startup_swm341.o(.text) referenced from startup_swm341.o(RESET)
 <LI><a href="#[3b]">GPIOA12_Handler</a> from startup_swm341.o(.text) referenced from startup_swm341.o(RESET)
 <LI><a href="#[3c]">GPIOA13_Handler</a> from startup_swm341.o(.text) referenced from startup_swm341.o(RESET)
 <LI><a href="#[36]">GPIOA1_Handler</a> from startup_swm341.o(.text) referenced from startup_swm341.o(RESET)
 <LI><a href="#[37]">GPIOA5_Handler</a> from startup_swm341.o(.text) referenced from startup_swm341.o(RESET)
 <LI><a href="#[38]">GPIOA6_Handler</a> from startup_swm341.o(.text) referenced from startup_swm341.o(RESET)
 <LI><a href="#[2f]">GPIOA_Handler</a> from lto-llvm-39c410.o(.text.GPIOA_Handler) referenced from startup_swm341.o(RESET)
 <LI><a href="#[3d]">GPIOB0_Handler</a> from startup_swm341.o(.text) referenced from startup_swm341.o(RESET)
 <LI><a href="#[3e]">GPIOB1_Handler</a> from startup_swm341.o(.text) referenced from startup_swm341.o(RESET)
 <LI><a href="#[3f]">GPIOB2_Handler</a> from startup_swm341.o(.text) referenced from startup_swm341.o(RESET)
 <LI><a href="#[30]">GPIOB_Handler</a> from lto-llvm-39c410.o(.text.GPIOB_Handler) referenced from startup_swm341.o(RESET)
 <LI><a href="#[40]">GPIOC0_Handler</a> from startup_swm341.o(.text) referenced from startup_swm341.o(RESET)
 <LI><a href="#[4c]">GPIOC10_Handler</a> from startup_swm341.o(.text) referenced from startup_swm341.o(RESET)
 <LI><a href="#[4d]">GPIOC11_Handler</a> from startup_swm341.o(.text) referenced from startup_swm341.o(RESET)
 <LI><a href="#[4e]">GPIOC12_Handler</a> from startup_swm341.o(.text) referenced from startup_swm341.o(RESET)
 <LI><a href="#[41]">GPIOC1_Handler</a> from startup_swm341.o(.text) referenced from startup_swm341.o(RESET)
 <LI><a href="#[42]">GPIOC2_Handler</a> from startup_swm341.o(.text) referenced from startup_swm341.o(RESET)
 <LI><a href="#[43]">GPIOC3_Handler</a> from startup_swm341.o(.text) referenced from startup_swm341.o(RESET)
 <LI><a href="#[44]">GPIOC4_Handler</a> from startup_swm341.o(.text) referenced from startup_swm341.o(RESET)
 <LI><a href="#[4b]">GPIOC9_Handler</a> from startup_swm341.o(.text) referenced from startup_swm341.o(RESET)
 <LI><a href="#[31]">GPIOC_Handler</a> from lto-llvm-39c410.o(.text.GPIOC_Handler) referenced from startup_swm341.o(RESET)
 <LI><a href="#[45]">GPIOD3_Handler</a> from startup_swm341.o(.text) referenced from startup_swm341.o(RESET)
 <LI><a href="#[46]">GPIOD4_Handler</a> from startup_swm341.o(.text) referenced from startup_swm341.o(RESET)
 <LI><a href="#[47]">GPIOD5_Handler</a> from startup_swm341.o(.text) referenced from startup_swm341.o(RESET)
 <LI><a href="#[48]">GPIOD6_Handler</a> from startup_swm341.o(.text) referenced from startup_swm341.o(RESET)
 <LI><a href="#[49]">GPIOD7_Handler</a> from startup_swm341.o(.text) referenced from startup_swm341.o(RESET)
 <LI><a href="#[4a]">GPIOD8_Handler</a> from startup_swm341.o(.text) referenced from startup_swm341.o(RESET)
 <LI><a href="#[32]">GPIOD_Handler</a> from lto-llvm-39c410.o(.text.GPIOD_Handler) referenced from startup_swm341.o(RESET)
 <LI><a href="#[56]">GPIOE_Handler</a> from lto-llvm-39c410.o(.text.GPIOE_Handler) referenced from startup_swm341.o(RESET)
 <LI><a href="#[4f]">GPIOM0_Handler</a> from startup_swm341.o(.text) referenced from startup_swm341.o(RESET)
 <LI><a href="#[50]">GPIOM1_Handler</a> from startup_swm341.o(.text) referenced from startup_swm341.o(RESET)
 <LI><a href="#[51]">GPIOM2_Handler</a> from startup_swm341.o(.text) referenced from startup_swm341.o(RESET)
 <LI><a href="#[52]">GPIOM3_Handler</a> from startup_swm341.o(.text) referenced from startup_swm341.o(RESET)
 <LI><a href="#[53]">GPIOM4_Handler</a> from startup_swm341.o(.text) referenced from startup_swm341.o(RESET)
 <LI><a href="#[33]">GPIOM_Handler</a> from lto-llvm-39c410.o(.text.GPIOM_Handler) referenced from startup_swm341.o(RESET)
 <LI><a href="#[34]">GPION_Handler</a> from lto-llvm-39c410.o(.text.GPION_Handler) referenced from startup_swm341.o(RESET)
 <LI><a href="#[18]">HALL0_Handler</a> from startup_swm341.o(.text) referenced from startup_swm341.o(RESET)
 <LI><a href="#[28]">HALL3_Handler</a> from startup_swm341.o(.text) referenced from startup_swm341.o(RESET)
 <LI><a href="#[4]">HardFault_Handler</a> from context_rvds.o(.text) referenced from startup_swm341.o(RESET)
 <LI><a href="#[1b]">I2C0_Handler</a> from startup_swm341.o(.text) referenced from startup_swm341.o(RESET)
 <LI><a href="#[2a]">I2C1_Handler</a> from startup_swm341.o(.text) referenced from startup_swm341.o(RESET)
 <LI><a href="#[57]">JPEG_Handler</a> from startup_swm341.o(.text) referenced from startup_swm341.o(RESET)
 <LI><a href="#[55]">LCD_Handler</a> from startup_swm341.o(.text) referenced from startup_swm341.o(RESET)
 <LI><a href="#[5]">MemManage_Handler</a> from startup_swm341.o(.text) referenced from startup_swm341.o(RESET)
 <LI><a href="#[3]">NMI_Handler</a> from startup_swm341.o(.text) referenced from startup_swm341.o(RESET)
 <LI><a href="#[12]">PWM0_Handler</a> from startup_swm341.o(.text) referenced from startup_swm341.o(RESET)
 <LI><a href="#[15]">PWM1_Handler</a> from startup_swm341.o(.text) referenced from startup_swm341.o(RESET)
 <LI><a href="#[19]">PWM2_Handler</a> from startup_swm341.o(.text) referenced from startup_swm341.o(RESET)
 <LI><a href="#[1f]">PWM3_Handler</a> from startup_swm341.o(.text) referenced from startup_swm341.o(RESET)
 <LI><a href="#[27]">PWM4_Handler</a> from startup_swm341.o(.text) referenced from startup_swm341.o(RESET)
 <LI><a href="#[1a]">PWMBRK_Handler</a> from startup_swm341.o(.text) referenced from startup_swm341.o(RESET)
 <LI><a href="#[a]">PendSV_Handler</a> from context_rvds.o(.text) referenced from startup_swm341.o(RESET)
 <LI><a href="#[65]">QEI_Handler</a> from startup_swm341.o(.text) referenced from startup_swm341.o(RESET)
 <LI><a href="#[1e]">RTC_Handler</a> from startup_swm341.o(.text) referenced from startup_swm341.o(RESET)
 <LI><a href="#[2]">Reset_Handler</a> from startup_swm341.o(.text) referenced from startup_swm341.o(RESET)
 <LI><a href="#[58]">SDIO_Handler</a> from startup_swm341.o(.text) referenced from startup_swm341.o(RESET)
 <LI><a href="#[11]">SPI0_Handler</a> from startup_swm341.o(.text) referenced from startup_swm341.o(RESET)
 <LI><a href="#[1d]">SPI1_Handler</a> from startup_swm341.o(.text) referenced from startup_swm341.o(RESET)
 <LI><a href="#[8]">SVC_Handler</a> from syscall_rvds.o(.text) referenced from startup_swm341.o(RESET)
 <LI><a href="#[b]">SysTick_Handler</a> from lto-llvm-39c410.o(.text.SysTick_Handler) referenced from startup_swm341.o(RESET)
 <LI><a href="#[e]">TIMR0_Handler</a> from startup_swm341.o(.text) referenced from startup_swm341.o(RESET)
 <LI><a href="#[f]">TIMR1_Handler</a> from startup_swm341.o(.text) referenced from startup_swm341.o(RESET)
 <LI><a href="#[20]">TIMR2_Handler</a> from startup_swm341.o(.text) referenced from startup_swm341.o(RESET)
 <LI><a href="#[22]">TIMR3_Handler</a> from startup_swm341.o(.text) referenced from startup_swm341.o(RESET)
 <LI><a href="#[5b]">TIMR4_Handler</a> from startup_swm341.o(.text) referenced from startup_swm341.o(RESET)
 <LI><a href="#[c]">UART0_Handler</a> from lto-llvm-39c410.o(.text.UART0_Handler) referenced from startup_swm341.o(RESET)
 <LI><a href="#[d]">UART1_Handler</a> from startup_swm341.o(.text) referenced from startup_swm341.o(RESET)
 <LI><a href="#[14]">UART2_Handler</a> from startup_swm341.o(.text) referenced from startup_swm341.o(RESET)
 <LI><a href="#[21]">UART3_Handler</a> from startup_swm341.o(.text) referenced from startup_swm341.o(RESET)
 <LI><a href="#[59]">USB_Handler</a> from startup_swm341.o(.text) referenced from startup_swm341.o(RESET)
 <LI><a href="#[7]">UsageFault_Handler</a> from startup_swm341.o(.text) referenced from startup_swm341.o(RESET)
 <LI><a href="#[13]">WDT_Handler</a> from startup_swm341.o(.text) referenced from startup_swm341.o(RESET)
 <LI><a href="#[2d]">XTALSTOP_Handler</a> from startup_swm341.o(.text) referenced from startup_swm341.o(RESET)
 <LI><a href="#[69]">__main</a> from __main.o(!!!main) referenced from startup_swm341.o(.text)
 <LI><a href="#[b9]">_appear_complete_cb</a> from lto-llvm-39c410.o(.text._appear_complete_cb) referenced 2 times from lto-llvm-39c410.o(.text.lv_pm_open_page)
 <LI><a href="#[7f]">_back_appear_complete_cb</a> from lto-llvm-39c410.o(.text._back_appear_complete_cb) referenced 2 times from lto-llvm-39c410.o(.text._pm_async_cb)
 <LI><a href="#[7e]">_back_disAppear_complete_cb</a> from lto-llvm-39c410.o(.text._back_disAppear_complete_cb) referenced 2 times from lto-llvm-39c410.o(.text._pm_async_cb)
 <LI><a href="#[b8]">_disAppear_complete_cb</a> from lto-llvm-39c410.o(.text._disAppear_complete_cb) referenced 2 times from lto-llvm-39c410.o(.text.lv_pm_open_page)
 <LI><a href="#[6a]">_get_lc_ctype</a> from lc_ctype_c.o(locale$$code) referenced from rt_ctype_table.o(.text)
 <LI><a href="#[cd]">_lv_disp_refr_timer</a> from lto-llvm-39c410.o(.text._lv_disp_refr_timer) referenced 2 times from lto-llvm-39c410.o(.text.lvgl_thread_entry)
 <LI><a href="#[a9]">_lv_ll_get_head</a> from lto-llvm-39c410.o(.text._lv_ll_get_head) referenced 2 times from lto-llvm-39c410.o(.text.lv_group_focus_next)
 <LI><a href="#[a9]">_lv_ll_get_head</a> from lto-llvm-39c410.o(.text._lv_ll_get_head) referenced 4 times from lto-llvm-39c410.o(.text.lv_indev_read_timer_cb)
 <LI><a href="#[a9]">_lv_ll_get_head</a> from lto-llvm-39c410.o(.text._lv_ll_get_head) referenced 2 times from lto-llvm-39c410.o(.text.lv_obj_add_flag)
 <LI><a href="#[a9]">_lv_ll_get_head</a> from lto-llvm-39c410.o(.text._lv_ll_get_head) referenced 2 times from lto-llvm-39c410.o(.text.lv_obj_destructor)
 <LI><a href="#[aa]">_lv_ll_get_next</a> from lto-llvm-39c410.o(.text._lv_ll_get_next) referenced 2 times from lto-llvm-39c410.o(.text.lv_group_focus_next)
 <LI><a href="#[aa]">_lv_ll_get_next</a> from lto-llvm-39c410.o(.text._lv_ll_get_next) referenced 4 times from lto-llvm-39c410.o(.text.lv_indev_read_timer_cb)
 <LI><a href="#[aa]">_lv_ll_get_next</a> from lto-llvm-39c410.o(.text._lv_ll_get_next) referenced 2 times from lto-llvm-39c410.o(.text.lv_obj_add_flag)
 <LI><a href="#[aa]">_lv_ll_get_next</a> from lto-llvm-39c410.o(.text._lv_ll_get_next) referenced 2 times from lto-llvm-39c410.o(.text.lv_obj_destructor)
 <LI><a href="#[ac]">_lv_ll_get_prev</a> from lto-llvm-39c410.o(.text._lv_ll_get_prev) referenced 2 times from lto-llvm-39c410.o(.text.lv_group_focus_prev)
 <LI><a href="#[ac]">_lv_ll_get_prev</a> from lto-llvm-39c410.o(.text._lv_ll_get_prev) referenced 4 times from lto-llvm-39c410.o(.text.lv_indev_read_timer_cb)
 <LI><a href="#[ac]">_lv_ll_get_prev</a> from lto-llvm-39c410.o(.text._lv_ll_get_prev) referenced 2 times from lto-llvm-39c410.o(.text.lv_obj_destructor)
 <LI><a href="#[ab]">_lv_ll_get_tail</a> from lto-llvm-39c410.o(.text._lv_ll_get_tail) referenced 2 times from lto-llvm-39c410.o(.text.lv_group_focus_prev)
 <LI><a href="#[ab]">_lv_ll_get_tail</a> from lto-llvm-39c410.o(.text._lv_ll_get_tail) referenced 4 times from lto-llvm-39c410.o(.text.lv_indev_read_timer_cb)
 <LI><a href="#[ab]">_lv_ll_get_tail</a> from lto-llvm-39c410.o(.text._lv_ll_get_tail) referenced 2 times from lto-llvm-39c410.o(.text.lv_obj_destructor)
 <LI><a href="#[15b]">_pin_cmd</a> from lto-llvm-39c410.o(.text._pin_cmd) referenced from lto-llvm-39c410.o(FSymTab)
 <LI><a href="#[6f]">_pin_control</a> from lto-llvm-39c410.o(.text._pin_control) referenced 2 times from lto-llvm-39c410.o(.text.$Sub$$main)
 <LI><a href="#[6d]">_pin_read</a> from lto-llvm-39c410.o(.text._pin_read) referenced 2 times from lto-llvm-39c410.o(.text.$Sub$$main)
 <LI><a href="#[6e]">_pin_write</a> from lto-llvm-39c410.o(.text._pin_write) referenced 2 times from lto-llvm-39c410.o(.text.$Sub$$main)
 <LI><a href="#[91]">_pm_async_cb</a> from lto-llvm-39c410.o(.text._pm_async_cb) referenced 2 times from lto-llvm-39c410.o(.text.lv_async_call)
 <LI><a href="#[6c]">_printf_input_char</a> from _printf_char_common.o(.text) referenced from _printf_char_common.o(.text)
 <LI><a href="#[80]">_thread_exit</a> from lto-llvm-39c410.o(.text._thread_exit) referenced 2 times from lto-llvm-39c410.o(.text._thread_init)
 <LI><a href="#[81]">_thread_timeout</a> from lto-llvm-39c410.o(.text._thread_timeout) referenced 2 times from lto-llvm-39c410.o(.text._thread_init)
 <LI><a href="#[77]">_timer_thread_entry</a> from lto-llvm-39c410.o(.text._timer_thread_entry) referenced 2 times from lto-llvm-39c410.o(.text.$Sub$$main)
 <LI><a href="#[c4]">anim_timer</a> from lto-llvm-39c410.o(.text.anim_timer) referenced 2 times from lto-llvm-39c410.o(.text.lvgl_thread_entry)
 <LI><a href="#[7b]">anima_ready_cb</a> from lto-llvm-39c410.o(.text.anima_ready_cb) referenced 4 times from lto-llvm-39c410.o(.text._pm_anima_appear)
 <LI><a href="#[7b]">anima_ready_cb</a> from lto-llvm-39c410.o(.text.anima_ready_cb) referenced 4 times from lto-llvm-39c410.o(.text._pm_anima_disAppear)
 <LI><a href="#[bb]">arc_anim_end_angle</a> from lto-llvm-39c410.o(.text.arc_anim_end_angle) referenced 2 times from lto-llvm-39c410.o(.text.lv_spinner_constructor)
 <LI><a href="#[bd]">arc_anim_start_angle</a> from lto-llvm-39c410.o(.text.arc_anim_start_angle) referenced 2 times from lto-llvm-39c410.o(.text.lv_spinner_constructor)
 <LI><a href="#[c0]">btns_value_changed_event_cb</a> from lto-llvm-39c410.o(.text.btns_value_changed_event_cb) referenced 2 times from lto-llvm-39c410.o(.text.lv_tabview_constructor)
 <LI><a href="#[160]">clear</a> from lto-llvm-39c410.o(.text.clear) referenced from lto-llvm-39c410.o(FSymTab)
 <LI><a href="#[163]">cmd_backtrace</a> from lto-llvm-39c410.o(.text.cmd_backtrace) referenced from lto-llvm-39c410.o(FSymTab)
 <LI><a href="#[15f]">cmd_free</a> from lto-llvm-39c410.o(.text.cmd_free) referenced from lto-llvm-39c410.o(FSymTab)
 <LI><a href="#[162]">cmd_list</a> from lto-llvm-39c410.o(.text.cmd_list) referenced from lto-llvm-39c410.o(FSymTab)
 <LI><a href="#[165]">cmd_pm_back</a> from lto-llvm-39c410.o(.text.cmd_pm_back) referenced from lto-llvm-39c410.o(FSymTab)
 <LI><a href="#[164]">cmd_pm_open</a> from lto-llvm-39c410.o(.text.cmd_pm_open) referenced from lto-llvm-39c410.o(FSymTab)
 <LI><a href="#[15e]">cmd_ps</a> from lto-llvm-39c410.o(.text.cmd_ps) referenced from lto-llvm-39c410.o(FSymTab)
 <LI><a href="#[f1]">color_blend_true_color_additive</a> from lto-llvm-39c410.o(.text.color_blend_true_color_additive) referenced from lto-llvm-39c410.o(.rodata..Lswitch.table.lv_draw_sw_blend_basic.1)
 <LI><a href="#[f3]">color_blend_true_color_multiply</a> from lto-llvm-39c410.o(.text.color_blend_true_color_multiply) referenced from lto-llvm-39c410.o(.rodata..Lswitch.table.lv_draw_sw_blend_basic.1)
 <LI><a href="#[f2]">color_blend_true_color_subtractive</a> from lto-llvm-39c410.o(.text.color_blend_true_color_subtractive) referenced from lto-llvm-39c410.o(.rodata..Lswitch.table.lv_draw_sw_blend_basic.1)
 <LI><a href="#[c1]">cont_scroll_end_event_cb</a> from lto-llvm-39c410.o(.text.cont_scroll_end_event_cb) referenced 2 times from lto-llvm-39c410.o(.text.lv_tabview_constructor)
 <LI><a href="#[e4]">cursor_blink_anim_cb</a> from lto-llvm-39c410.o(.text.cursor_blink_anim_cb) referenced 4 times from lto-llvm-39c410.o(.text.start_cursor_blink)
 <LI><a href="#[e5]">dark_color_filter_cb</a> from lto-llvm-39c410.o(.text.dark_color_filter_cb) referenced 2 times from lto-llvm-39c410.o(.text.style_init)
 <LI><a href="#[cc]">disp_flush</a> from lto-llvm-39c410.o(.text.disp_flush) referenced 2 times from lto-llvm-39c410.o(.text.lvgl_thread_entry)
 <LI><a href="#[96]">draw_part_begin_event_cb</a> from lto-llvm-39c410.o(.text.draw_part_begin_event_cb) referenced 2 times from lto-llvm-39c410.o(.text.lv_calendar_constructor)
 <LI><a href="#[159]">dynmem_sample</a> from lto-llvm-39c410.o(.text.dynmem_sample) referenced from lto-llvm-39c410.o(FSymTab)
 <LI><a href="#[8d]">finsh_rx_ind</a> from lto-llvm-39c410.o(.text.finsh_rx_ind) referenced 2 times from lto-llvm-39c410.o(.text.finsh_thread_entry)
 <LI><a href="#[151]">finsh_system_init</a> from lto-llvm-39c410.o(.text.finsh_system_init) referenced from lto-llvm-39c410.o(.rti_fn.6)
 <LI><a href="#[8c]">finsh_thread_entry</a> from lto-llvm-39c410.o(.text.finsh_thread_entry) referenced 2 times from lto-llvm-39c410.o(.text.finsh_system_init)
 <LI><a href="#[c9]">flex_update</a> from lto-llvm-39c410.o(.text.flex_update) referenced 2 times from lto-llvm-39c410.o(.text.lvgl_thread_entry)
 <LI><a href="#[6b]">fputc</a> from fputc.o(i.fputc) referenced from _printf_char_file.o(.text)
 <LI><a href="#[e6]">grey_filter_cb</a> from lto-llvm-39c410.o(.text.grey_filter_cb) referenced 2 times from lto-llvm-39c410.o(.text.style_init)
 <LI><a href="#[ca]">grid_update</a> from lto-llvm-39c410.o(.text.grid_update) referenced 2 times from lto-llvm-39c410.o(.text.lvgl_thread_entry)
 <LI><a href="#[1]">gt9147_control</a> from lto-llvm-39c410.o(.text.gt9147_control) referenced 2 times from lto-llvm-39c410.o(.data.touch_ops)
 <LI><a href="#[8f]">gt9147_entry</a> from lto-llvm-39c410.o(.text.gt9147_entry) referenced 2 times from lto-llvm-39c410.o(.text.gt9147_sample)
 <LI><a href="#[0]">gt9147_read_point</a> from lto-llvm-39c410.o(.text.gt9147_read_point) referenced 2 times from lto-llvm-39c410.o(.data.touch_ops)
 <LI><a href="#[15a]">gt9147_sample</a> from lto-llvm-39c410.o(.text.gt9147_sample) referenced from lto-llvm-39c410.o(FSymTab)
 <LI><a href="#[f4]">i2c_bit_xfer</a> from lto-llvm-39c410.o(.text.i2c_bit_xfer) referenced from lto-llvm-39c410.o(.rodata.i2c_bit_bus_ops)
 <LI><a href="#[e9]">i2c_bus_device_control</a> from lto-llvm-39c410.o(.text.i2c_bus_device_control) referenced 2 times from lto-llvm-39c410.o(.text.swm_i2c_init)
 <LI><a href="#[e7]">i2c_bus_device_read</a> from lto-llvm-39c410.o(.text.i2c_bus_device_read) referenced 2 times from lto-llvm-39c410.o(.text.swm_i2c_init)
 <LI><a href="#[e8]">i2c_bus_device_write</a> from lto-llvm-39c410.o(.text.i2c_bus_device_write) referenced 2 times from lto-llvm-39c410.o(.text.swm_i2c_init)
 <LI><a href="#[78]">idle_thread_entry</a> from lto-llvm-39c410.o(.text.idle_thread_entry) referenced 2 times from lto-llvm-39c410.o(.text.$Sub$$main)
 <LI><a href="#[dd]">key1_cb</a> from lto-llvm-39c410.o(.text.key1_cb) referenced 2 times from lto-llvm-39c410.o(.text.pin_sample)
 <LI><a href="#[c2]">label_event_cb</a> from lto-llvm-39c410.o(.text.label_event_cb) referenced 2 times from lto-llvm-39c410.o(.text.lv_textarea_constructor)
 <LI><a href="#[15c]">lcd_test</a> from lto-llvm-39c410.o(.text.lcd_test) referenced from lto-llvm-39c410.o(FSymTab)
 <LI><a href="#[bc]">lv_anim_path_ease_in_out</a> from lto-llvm-39c410.o(.text.lv_anim_path_ease_in_out) referenced 2 times from lto-llvm-39c410.o(.text.lv_spinner_constructor)
 <LI><a href="#[79]">lv_anim_path_ease_out</a> from lto-llvm-39c410.o(.text.lv_anim_path_ease_out) referenced 4 times from lto-llvm-39c410.o(.text._pm_anima_appear)
 <LI><a href="#[79]">lv_anim_path_ease_out</a> from lto-llvm-39c410.o(.text.lv_anim_path_ease_out) referenced 4 times from lto-llvm-39c410.o(.text._pm_anima_disAppear)
 <LI><a href="#[79]">lv_anim_path_ease_out</a> from lto-llvm-39c410.o(.text.lv_anim_path_ease_out) referenced 2 times from lto-llvm-39c410.o(.text.lv_obj_scroll_by)
 <LI><a href="#[79]">lv_anim_path_ease_out</a> from lto-llvm-39c410.o(.text.lv_anim_path_ease_out) referenced 2 times from lto-llvm-39c410.o(.text.refr_position)
 <LI><a href="#[7c]">lv_anim_path_linear</a> from lto-llvm-39c410.o(.text.lv_anim_path_linear) referenced 2 times from lto-llvm-39c410.o(.text._pm_anima_appear)
 <LI><a href="#[7c]">lv_anim_path_linear</a> from lto-llvm-39c410.o(.text.lv_anim_path_linear) referenced 2 times from lto-llvm-39c410.o(.text._pm_anima_disAppear)
 <LI><a href="#[7c]">lv_anim_path_linear</a> from lto-llvm-39c410.o(.text.lv_anim_path_linear) referenced 2 times from lto-llvm-39c410.o(.text.lv_bar_set_value_with_anim)
 <LI><a href="#[7c]">lv_anim_path_linear</a> from lto-llvm-39c410.o(.text.lv_anim_path_linear) referenced 4 times from lto-llvm-39c410.o(.text.lv_label_refr_text)
 <LI><a href="#[7c]">lv_anim_path_linear</a> from lto-llvm-39c410.o(.text.lv_anim_path_linear) referenced 2 times from lto-llvm-39c410.o(.text.lv_obj_scroll_by)
 <LI><a href="#[7c]">lv_anim_path_linear</a> from lto-llvm-39c410.o(.text.lv_anim_path_linear) referenced 2 times from lto-llvm-39c410.o(.text.lv_spinner_constructor)
 <LI><a href="#[7c]">lv_anim_path_linear</a> from lto-llvm-39c410.o(.text.lv_anim_path_linear) referenced 2 times from lto-llvm-39c410.o(.text.lv_switch_event)
 <LI><a href="#[7c]">lv_anim_path_linear</a> from lto-llvm-39c410.o(.text.lv_anim_path_linear) referenced 2 times from lto-llvm-39c410.o(.text.refr_position)
 <LI><a href="#[83]">lv_anim_path_step</a> from lto-llvm-39c410.o(.text.lv_anim_path_step) referenced 2 times from lto-llvm-39c410.o(.text.auto_hide_characters)
 <LI><a href="#[83]">lv_anim_path_step</a> from lto-llvm-39c410.o(.text.lv_anim_path_step) referenced 2 times from lto-llvm-39c410.o(.text.start_cursor_blink)
 <LI><a href="#[f5]">lv_arc_constructor</a> from lto-llvm-39c410.o(.text.lv_arc_constructor) referenced from lto-llvm-39c410.o(.rodata.lv_arc_class)
 <LI><a href="#[f6]">lv_arc_event</a> from lto-llvm-39c410.o(.text.lv_arc_event) referenced from lto-llvm-39c410.o(.rodata.lv_arc_class)
 <LI><a href="#[86]">lv_area_get_height</a> from lto-llvm-39c410.o(.text.lv_area_get_height) referenced 2 times from lto-llvm-39c410.o(.text.children_repos)
 <LI><a href="#[93]">lv_area_get_height.1693</a> from lto-llvm-39c410.o(.text.lv_area_get_height.1693) referenced 2 times from lto-llvm-39c410.o(.text.lv_bar_event)
 <LI><a href="#[85]">lv_area_get_width</a> from lto-llvm-39c410.o(.text.lv_area_get_width) referenced 4 times from lto-llvm-39c410.o(.text.children_repos)
 <LI><a href="#[92]">lv_area_get_width.1692</a> from lto-llvm-39c410.o(.text.lv_area_get_width.1692) referenced 2 times from lto-llvm-39c410.o(.text.lv_bar_event)
 <LI><a href="#[88]">lv_area_set_height</a> from lto-llvm-39c410.o(.text.lv_area_set_height) referenced 2 times from lto-llvm-39c410.o(.text.children_repos)
 <LI><a href="#[87]">lv_area_set_width</a> from lto-llvm-39c410.o(.text.lv_area_set_width) referenced 2 times from lto-llvm-39c410.o(.text.children_repos)
 <LI><a href="#[90]">lv_async_timer_cb</a> from lto-llvm-39c410.o(.text.lv_async_timer_cb) referenced 2 times from lto-llvm-39c410.o(.text.lv_async_call)
 <LI><a href="#[94]">lv_bar_anim</a> from lto-llvm-39c410.o(.text.lv_bar_anim) referenced 2 times from lto-llvm-39c410.o(.text.lv_bar_set_value_with_anim)
 <LI><a href="#[95]">lv_bar_anim_ready</a> from lto-llvm-39c410.o(.text.lv_bar_anim_ready) referenced 2 times from lto-llvm-39c410.o(.text.lv_bar_set_value_with_anim)
 <LI><a href="#[f7]">lv_bar_constructor</a> from lto-llvm-39c410.o(.text.lv_bar_constructor) referenced from lto-llvm-39c410.o(.rodata.lv_bar_class)
 <LI><a href="#[f8]">lv_bar_destructor</a> from lto-llvm-39c410.o(.text.lv_bar_destructor) referenced from lto-llvm-39c410.o(.rodata.lv_bar_class)
 <LI><a href="#[f9]">lv_bar_event</a> from lto-llvm-39c410.o(.text.lv_bar_event) referenced from lto-llvm-39c410.o(.rodata.lv_bar_class)
 <LI><a href="#[fa]">lv_btn_constructor</a> from lto-llvm-39c410.o(.text.lv_btn_constructor) referenced from lto-llvm-39c410.o(.rodata.lv_btn_class)
 <LI><a href="#[fb]">lv_btnmatrix_constructor</a> from lto-llvm-39c410.o(.text.lv_btnmatrix_constructor) referenced from lto-llvm-39c410.o(.rodata.lv_btnmatrix_class)
 <LI><a href="#[fc]">lv_btnmatrix_destructor</a> from lto-llvm-39c410.o(.text.lv_btnmatrix_destructor) referenced from lto-llvm-39c410.o(.rodata.lv_btnmatrix_class)
 <LI><a href="#[fd]">lv_btnmatrix_event</a> from lto-llvm-39c410.o(.text.lv_btnmatrix_event) referenced from lto-llvm-39c410.o(.rodata.lv_btnmatrix_class)
 <LI><a href="#[fe]">lv_calendar_constructor</a> from lto-llvm-39c410.o(.text.lv_calendar_constructor) referenced from lto-llvm-39c410.o(.rodata.lv_calendar_class)
 <LI><a href="#[101]">lv_chart_constructor</a> from lto-llvm-39c410.o(.text.lv_chart_constructor) referenced from lto-llvm-39c410.o(.rodata.lv_chart_class)
 <LI><a href="#[102]">lv_chart_destructor</a> from lto-llvm-39c410.o(.text.lv_chart_destructor) referenced from lto-llvm-39c410.o(.rodata.lv_chart_class)
 <LI><a href="#[103]">lv_chart_event</a> from lto-llvm-39c410.o(.text.lv_chart_event) referenced from lto-llvm-39c410.o(.rodata.lv_chart_class)
 <LI><a href="#[104]">lv_checkbox_constructor</a> from lto-llvm-39c410.o(.text.lv_checkbox_constructor) referenced from lto-llvm-39c410.o(.rodata.lv_checkbox_class)
 <LI><a href="#[105]">lv_checkbox_destructor</a> from lto-llvm-39c410.o(.text.lv_checkbox_destructor) referenced from lto-llvm-39c410.o(.rodata.lv_checkbox_class)
 <LI><a href="#[106]">lv_checkbox_event</a> from lto-llvm-39c410.o(.text.lv_checkbox_event) referenced from lto-llvm-39c410.o(.rodata.lv_checkbox_class)
 <LI><a href="#[107]">lv_colorwheel_constructor</a> from lto-llvm-39c410.o(.text.lv_colorwheel_constructor) referenced from lto-llvm-39c410.o(.rodata.lv_colorwheel_class)
 <LI><a href="#[108]">lv_colorwheel_event</a> from lto-llvm-39c410.o(.text.lv_colorwheel_event) referenced from lto-llvm-39c410.o(.rodata.lv_colorwheel_class)
 <LI><a href="#[99]">lv_draw_mask_angle</a> from lto-llvm-39c410.o(.text.lv_draw_mask_angle) referenced 2 times from lto-llvm-39c410.o(.text.lv_draw_sw_arc)
 <LI><a href="#[97]">lv_draw_mask_line</a> from lto-llvm-39c410.o(.text.lv_draw_mask_line) referenced 2 times from lto-llvm-39c410.o(.text.lv_draw_mask_line_points_init)
 <LI><a href="#[98]">lv_draw_mask_radius</a> from lto-llvm-39c410.o(.text.lv_draw_mask_radius) referenced 2 times from lto-llvm-39c410.o(.text.lv_draw_mask_radius_init)
 <LI><a href="#[9b]">lv_draw_sw_arc</a> from lto-llvm-39c410.o(.text.lv_draw_sw_arc) referenced 2 times from lto-llvm-39c410.o(.text.lv_draw_sw_init_ctx)
 <LI><a href="#[a1]">lv_draw_sw_bg</a> from lto-llvm-39c410.o(.text.lv_draw_sw_bg) referenced 2 times from lto-llvm-39c410.o(.text.lv_draw_sw_init_ctx)
 <LI><a href="#[a5]">lv_draw_sw_blend_basic</a> from lto-llvm-39c410.o(.text.lv_draw_sw_blend_basic) referenced 2 times from lto-llvm-39c410.o(.text.lv_draw_sw_init_ctx)
 <LI><a href="#[a3]">lv_draw_sw_buffer_copy</a> from lto-llvm-39c410.o(.text.lv_draw_sw_buffer_copy) referenced 2 times from lto-llvm-39c410.o(.text.lv_draw_sw_init_ctx)
 <LI><a href="#[9c]">lv_draw_sw_img_decoded</a> from lto-llvm-39c410.o(.text.lv_draw_sw_img_decoded) referenced 2 times from lto-llvm-39c410.o(.text.lv_draw_sw_init_ctx)
 <LI><a href="#[cb]">lv_draw_sw_init_ctx</a> from lto-llvm-39c410.o(.text.lv_draw_sw_init_ctx) referenced 2 times from lto-llvm-39c410.o(.text.lvgl_thread_entry)
 <LI><a href="#[a6]">lv_draw_sw_layer_adjust</a> from lto-llvm-39c410.o(.text.lv_draw_sw_layer_adjust) referenced 2 times from lto-llvm-39c410.o(.text.lv_draw_sw_init_ctx)
 <LI><a href="#[a7]">lv_draw_sw_layer_blend</a> from lto-llvm-39c410.o(.text.lv_draw_sw_layer_blend) referenced 2 times from lto-llvm-39c410.o(.text.lv_draw_sw_init_ctx)
 <LI><a href="#[a4]">lv_draw_sw_layer_create</a> from lto-llvm-39c410.o(.text.lv_draw_sw_layer_create) referenced 2 times from lto-llvm-39c410.o(.text.lv_draw_sw_init_ctx)
 <LI><a href="#[a8]">lv_draw_sw_layer_destroy</a> from lto-llvm-39c410.o(.text.lv_draw_sw_layer_destroy) referenced 2 times from lto-llvm-39c410.o(.text.lv_draw_sw_init_ctx)
 <LI><a href="#[9d]">lv_draw_sw_letter</a> from lto-llvm-39c410.o(.text.lv_draw_sw_letter) referenced 2 times from lto-llvm-39c410.o(.text.lv_draw_sw_init_ctx)
 <LI><a href="#[9e]">lv_draw_sw_line</a> from lto-llvm-39c410.o(.text.lv_draw_sw_line) referenced 2 times from lto-llvm-39c410.o(.text.lv_draw_sw_init_ctx)
 <LI><a href="#[9f]">lv_draw_sw_polygon</a> from lto-llvm-39c410.o(.text.lv_draw_sw_polygon) referenced 2 times from lto-llvm-39c410.o(.text.lv_draw_sw_init_ctx)
 <LI><a href="#[9a]">lv_draw_sw_rect</a> from lto-llvm-39c410.o(.text.lv_draw_sw_rect) referenced 2 times from lto-llvm-39c410.o(.text.lv_draw_sw_init_ctx)
 <LI><a href="#[a0]">lv_draw_sw_transform</a> from lto-llvm-39c410.o(.text.lv_draw_sw_transform) referenced 2 times from lto-llvm-39c410.o(.text.lv_draw_sw_init_ctx)
 <LI><a href="#[a2]">lv_draw_sw_wait_for_finish</a> from lto-llvm-39c410.o(.text.lv_draw_sw_wait_for_finish) referenced 2 times from lto-llvm-39c410.o(.text.lv_draw_sw_init_ctx)
 <LI><a href="#[109]">lv_dropdown_constructor</a> from lto-llvm-39c410.o(.text.lv_dropdown_constructor) referenced from lto-llvm-39c410.o(.rodata.lv_dropdown_class)
 <LI><a href="#[10a]">lv_dropdown_destructor</a> from lto-llvm-39c410.o(.text.lv_dropdown_destructor) referenced from lto-llvm-39c410.o(.rodata.lv_dropdown_class)
 <LI><a href="#[10b]">lv_dropdown_event</a> from lto-llvm-39c410.o(.text.lv_dropdown_event) referenced from lto-llvm-39c410.o(.rodata.lv_dropdown_class)
 <LI><a href="#[10e]">lv_dropdown_list_event</a> from lto-llvm-39c410.o(.text.lv_dropdown_list_event) referenced from lto-llvm-39c410.o(.rodata.lv_dropdownlist_class)
 <LI><a href="#[10c]">lv_dropdownlist_constructor</a> from lto-llvm-39c410.o(.text.lv_dropdownlist_constructor) referenced from lto-llvm-39c410.o(.rodata.lv_dropdownlist_class)
 <LI><a href="#[10d]">lv_dropdownlist_destructor</a> from lto-llvm-39c410.o(.text.lv_dropdownlist_destructor) referenced from lto-llvm-39c410.o(.rodata.lv_dropdownlist_class)
 <LI><a href="#[110]">lv_font_get_bitmap_fmt_txt</a> from lto-llvm-39c410.o(.text.lv_font_get_bitmap_fmt_txt) referenced from lto-llvm-39c410.o(.rodata.lv_font_montserrat_14)
 <LI><a href="#[10f]">lv_font_get_glyph_dsc_fmt_txt</a> from lto-llvm-39c410.o(.text.lv_font_get_glyph_dsc_fmt_txt) referenced from lto-llvm-39c410.o(.rodata.lv_font_montserrat_14)
 <LI><a href="#[111]">lv_img_constructor</a> from lto-llvm-39c410.o(.text.lv_img_constructor) referenced from lto-llvm-39c410.o(.rodata.lv_img_class)
 <LI><a href="#[c8]">lv_img_decoder_built_in_close</a> from lto-llvm-39c410.o(.text.lv_img_decoder_built_in_close) referenced 2 times from lto-llvm-39c410.o(.text.lvgl_thread_entry)
 <LI><a href="#[c5]">lv_img_decoder_built_in_info</a> from lto-llvm-39c410.o(.text.lv_img_decoder_built_in_info) referenced 2 times from lto-llvm-39c410.o(.text.lvgl_thread_entry)
 <LI><a href="#[c6]">lv_img_decoder_built_in_open</a> from lto-llvm-39c410.o(.text.lv_img_decoder_built_in_open) referenced 2 times from lto-llvm-39c410.o(.text.lvgl_thread_entry)
 <LI><a href="#[c7]">lv_img_decoder_built_in_read_line</a> from lto-llvm-39c410.o(.text.lv_img_decoder_built_in_read_line) referenced 2 times from lto-llvm-39c410.o(.text.lvgl_thread_entry)
 <LI><a href="#[112]">lv_img_destructor</a> from lto-llvm-39c410.o(.text.lv_img_destructor) referenced from lto-llvm-39c410.o(.rodata.lv_img_class)
 <LI><a href="#[113]">lv_img_event</a> from lto-llvm-39c410.o(.text.lv_img_event) referenced from lto-llvm-39c410.o(.rodata.lv_img_class)
 <LI><a href="#[d0]">lv_indev_read_timer_cb</a> from lto-llvm-39c410.o(.text.lv_indev_read_timer_cb) referenced 2 times from lto-llvm-39c410.o(.text.lvgl_thread_entry)
 <LI><a href="#[114]">lv_keyboard_constructor</a> from lto-llvm-39c410.o(.text.lv_keyboard_constructor) referenced from lto-llvm-39c410.o(.rodata.lv_keyboard_class)
 <LI><a href="#[ad]">lv_keyboard_def_event_cb</a> from lto-llvm-39c410.o(.text.lv_keyboard_def_event_cb) referenced 2 times from lto-llvm-39c410.o(.text.lv_keyboard_constructor)
 <LI><a href="#[115]">lv_label_constructor</a> from lto-llvm-39c410.o(.text.lv_label_constructor) referenced from lto-llvm-39c410.o(.rodata.lv_label_class)
 <LI><a href="#[116]">lv_label_destructor</a> from lto-llvm-39c410.o(.text.lv_label_destructor) referenced from lto-llvm-39c410.o(.rodata.lv_label_class)
 <LI><a href="#[117]">lv_label_event</a> from lto-llvm-39c410.o(.text.lv_label_event) referenced from lto-llvm-39c410.o(.rodata.lv_label_class)
 <LI><a href="#[118]">lv_led_constructor</a> from lto-llvm-39c410.o(.text.lv_led_constructor) referenced from lto-llvm-39c410.o(.rodata.lv_led_class)
 <LI><a href="#[119]">lv_led_event</a> from lto-llvm-39c410.o(.text.lv_led_event) referenced from lto-llvm-39c410.o(.rodata.lv_led_class)
 <LI><a href="#[11a]">lv_line_constructor</a> from lto-llvm-39c410.o(.text.lv_line_constructor) referenced from lto-llvm-39c410.o(.rodata.lv_line_class)
 <LI><a href="#[11b]">lv_line_event</a> from lto-llvm-39c410.o(.text.lv_line_event) referenced from lto-llvm-39c410.o(.rodata.lv_line_class)
 <LI><a href="#[b0]">lv_menu_back_event_cb</a> from lto-llvm-39c410.o(.text.lv_menu_back_event_cb) referenced 2 times from lto-llvm-39c410.o(.text.lv_menu_constructor)
 <LI><a href="#[11c]">lv_menu_constructor</a> from lto-llvm-39c410.o(.text.lv_menu_constructor) referenced from lto-llvm-39c410.o(.rodata.lv_menu_class)
 <LI><a href="#[11e]">lv_menu_cont_constructor</a> from lto-llvm-39c410.o(.text.lv_menu_cont_constructor) referenced from lto-llvm-39c410.o(.rodata.lv_menu_cont_class)
 <LI><a href="#[11d]">lv_menu_destructor</a> from lto-llvm-39c410.o(.text.lv_menu_destructor) referenced from lto-llvm-39c410.o(.rodata.lv_menu_class)
 <LI><a href="#[11f]">lv_menu_page_constructor</a> from lto-llvm-39c410.o(.text.lv_menu_page_constructor) referenced from lto-llvm-39c410.o(.rodata.lv_menu_page_class)
 <LI><a href="#[120]">lv_menu_page_destructor</a> from lto-llvm-39c410.o(.text.lv_menu_page_destructor) referenced from lto-llvm-39c410.o(.rodata.lv_menu_page_class)
 <LI><a href="#[121]">lv_menu_section_constructor</a> from lto-llvm-39c410.o(.text.lv_menu_section_constructor) referenced from lto-llvm-39c410.o(.rodata.lv_menu_section_class)
 <LI><a href="#[b1]">lv_menu_value_changed_event_cb</a> from lto-llvm-39c410.o(.text.lv_menu_value_changed_event_cb) referenced 2 times from lto-llvm-39c410.o(.text.lv_menu_constructor)
 <LI><a href="#[122]">lv_meter_constructor</a> from lto-llvm-39c410.o(.text.lv_meter_constructor) referenced from lto-llvm-39c410.o(.rodata.lv_meter_class)
 <LI><a href="#[123]">lv_meter_destructor</a> from lto-llvm-39c410.o(.text.lv_meter_destructor) referenced from lto-llvm-39c410.o(.rodata.lv_meter_class)
 <LI><a href="#[124]">lv_meter_event</a> from lto-llvm-39c410.o(.text.lv_meter_event) referenced from lto-llvm-39c410.o(.rodata.lv_meter_class)
 <LI><a href="#[125]">lv_obj_constructor</a> from lto-llvm-39c410.o(.text.lv_obj_constructor) referenced from lto-llvm-39c410.o(.rodata.lv_obj_class)
 <LI><a href="#[126]">lv_obj_destructor</a> from lto-llvm-39c410.o(.text.lv_obj_destructor) referenced from lto-llvm-39c410.o(.rodata.lv_obj_class)
 <LI><a href="#[127]">lv_obj_event</a> from lto-llvm-39c410.o(.text.lv_obj_event) referenced from lto-llvm-39c410.o(.rodata.lv_obj_class)
 <LI><a href="#[8b]">lv_obj_get_height</a> from lto-llvm-39c410.o(.text.lv_obj_get_height) referenced 2 times from lto-llvm-39c410.o(.text.find_track_end)
 <LI><a href="#[8a]">lv_obj_get_width</a> from lto-llvm-39c410.o(.text.lv_obj_get_width) referenced 2 times from lto-llvm-39c410.o(.text.find_track_end)
 <LI><a href="#[128]">lv_roller_constructor</a> from lto-llvm-39c410.o(.text.lv_roller_constructor) referenced from lto-llvm-39c410.o(.rodata.lv_roller_class)
 <LI><a href="#[129]">lv_roller_event</a> from lto-llvm-39c410.o(.text.lv_roller_event) referenced from lto-llvm-39c410.o(.rodata.lv_roller_class)
 <LI><a href="#[12a]">lv_roller_label_event</a> from lto-llvm-39c410.o(.text.lv_roller_label_event) referenced from lto-llvm-39c410.o(.rodata.lv_roller_label_class)
 <LI><a href="#[12b]">lv_slider_constructor</a> from lto-llvm-39c410.o(.text.lv_slider_constructor) referenced from lto-llvm-39c410.o(.rodata.lv_slider_class)
 <LI><a href="#[12c]">lv_slider_event</a> from lto-llvm-39c410.o(.text.lv_slider_event) referenced from lto-llvm-39c410.o(.rodata.lv_slider_class)
 <LI><a href="#[12d]">lv_spinbox_constructor</a> from lto-llvm-39c410.o(.text.lv_spinbox_constructor) referenced from lto-llvm-39c410.o(.rodata.lv_spinbox_class)
 <LI><a href="#[12e]">lv_spinbox_event</a> from lto-llvm-39c410.o(.text.lv_spinbox_event) referenced from lto-llvm-39c410.o(.rodata.lv_spinbox_class)
 <LI><a href="#[12f]">lv_spinner_constructor</a> from lto-llvm-39c410.o(.text.lv_spinner_constructor) referenced from lto-llvm-39c410.o(.rodata.lv_spinner_class)
 <LI><a href="#[be]">lv_switch_anim_exec_cb</a> from lto-llvm-39c410.o(.text.lv_switch_anim_exec_cb) referenced 2 times from lto-llvm-39c410.o(.text.lv_switch_event)
 <LI><a href="#[bf]">lv_switch_anim_ready</a> from lto-llvm-39c410.o(.text.lv_switch_anim_ready) referenced 2 times from lto-llvm-39c410.o(.text.lv_switch_event)
 <LI><a href="#[130]">lv_switch_constructor</a> from lto-llvm-39c410.o(.text.lv_switch_constructor) referenced from lto-llvm-39c410.o(.rodata.lv_switch_class)
 <LI><a href="#[131]">lv_switch_destructor</a> from lto-llvm-39c410.o(.text.lv_switch_destructor) referenced from lto-llvm-39c410.o(.rodata.lv_switch_class)
 <LI><a href="#[132]">lv_switch_event</a> from lto-llvm-39c410.o(.text.lv_switch_event) referenced from lto-llvm-39c410.o(.rodata.lv_switch_class)
 <LI><a href="#[133]">lv_table_constructor</a> from lto-llvm-39c410.o(.text.lv_table_constructor) referenced from lto-llvm-39c410.o(.rodata.lv_table_class)
 <LI><a href="#[134]">lv_table_destructor</a> from lto-llvm-39c410.o(.text.lv_table_destructor) referenced from lto-llvm-39c410.o(.rodata.lv_table_class)
 <LI><a href="#[135]">lv_table_event</a> from lto-llvm-39c410.o(.text.lv_table_event) referenced from lto-llvm-39c410.o(.rodata.lv_table_class)
 <LI><a href="#[136]">lv_tabview_constructor</a> from lto-llvm-39c410.o(.text.lv_tabview_constructor) referenced from lto-llvm-39c410.o(.rodata.lv_tabview_class)
 <LI><a href="#[137]">lv_tabview_destructor</a> from lto-llvm-39c410.o(.text.lv_tabview_destructor) referenced from lto-llvm-39c410.o(.rodata.lv_tabview_class)
 <LI><a href="#[138]">lv_tabview_event</a> from lto-llvm-39c410.o(.text.lv_tabview_event) referenced from lto-llvm-39c410.o(.rodata.lv_tabview_class)
 <LI><a href="#[139]">lv_textarea_constructor</a> from lto-llvm-39c410.o(.text.lv_textarea_constructor) referenced from lto-llvm-39c410.o(.rodata.lv_textarea_class)
 <LI><a href="#[13a]">lv_textarea_destructor</a> from lto-llvm-39c410.o(.text.lv_textarea_destructor) referenced from lto-llvm-39c410.o(.rodata.lv_textarea_class)
 <LI><a href="#[13b]">lv_textarea_event</a> from lto-llvm-39c410.o(.text.lv_textarea_event) referenced from lto-llvm-39c410.o(.rodata.lv_textarea_class)
 <LI><a href="#[13c]">lv_tileview_constructor</a> from lto-llvm-39c410.o(.text.lv_tileview_constructor) referenced from lto-llvm-39c410.o(.rodata.lv_tileview_class)
 <LI><a href="#[13d]">lv_tileview_tile_constructor</a> from lto-llvm-39c410.o(.text.lv_tileview_tile_constructor) referenced from lto-llvm-39c410.o(.rodata.lv_tileview_tile_class)
 <LI><a href="#[13e]">lv_win_constructor</a> from lto-llvm-39c410.o(.text.lv_win_constructor) referenced from lto-llvm-39c410.o(.rodata.lv_win_class)
 <LI><a href="#[d5]">lvgl_thread_entry</a> from lto-llvm-39c410.o(.text.lvgl_thread_entry) referenced 2 times from lto-llvm-39c410.o(.text.lvgl_thread_init)
 <LI><a href="#[150]">lvgl_thread_init</a> from lto-llvm-39c410.o(.text.lvgl_thread_init) referenced from lto-llvm-39c410.o(.rti_fn.5)
 <LI><a href="#[76]">main_thread_entry</a> from lto-llvm-39c410.o(.text.main_thread_entry) referenced 2 times from lto-llvm-39c410.o(.text.$Sub$$main)
 <LI><a href="#[d6]">month_event_cb</a> from lto-llvm-39c410.o(.text.month_event_cb) referenced 2 times from lto-llvm-39c410.o(.text.my_constructor)
 <LI><a href="#[d9]">month_event_cb.1275</a> from lto-llvm-39c410.o(.text.month_event_cb.1275) referenced 2 times from lto-llvm-39c410.o(.text.my_constructor.1272)
 <LI><a href="#[15d]">msh_help</a> from lto-llvm-39c410.o(.text.msh_help) referenced from lto-llvm-39c410.o(FSymTab)
 <LI><a href="#[ff]">my_constructor</a> from lto-llvm-39c410.o(.text.my_constructor) referenced from lto-llvm-39c410.o(.rodata.lv_calendar_header_arrow_class)
 <LI><a href="#[100]">my_constructor.1272</a> from lto-llvm-39c410.o(.text.my_constructor.1272) referenced from lto-llvm-39c410.o(.rodata.lv_calendar_header_dropdown_class)
 <LI><a href="#[db]">p1_btn_1_event_cb</a> from lto-llvm-39c410.o(.text.p1_btn_1_event_cb) referenced 2 times from lto-llvm-39c410.o(.text.page_page1_onLoad)
 <LI><a href="#[dc]">p2_btn_1_event_cb</a> from lto-llvm-39c410.o(.text.p2_btn_1_event_cb) referenced 2 times from lto-llvm-39c410.o(.text.page_page2_onLoad)
 <LI><a href="#[d1]">page_page1_onLoad</a> from lto-llvm-39c410.o(.text.page_page1_onLoad) referenced 2 times from lto-llvm-39c410.o(.text.lvgl_thread_entry)
 <LI><a href="#[d2]">page_page1_unLoad</a> from lto-llvm-39c410.o(.text.page_page1_unLoad) referenced 2 times from lto-llvm-39c410.o(.text.lvgl_thread_entry)
 <LI><a href="#[d3]">page_page2_onLoad</a> from lto-llvm-39c410.o(.text.page_page2_onLoad) referenced 2 times from lto-llvm-39c410.o(.text.lvgl_thread_entry)
 <LI><a href="#[d4]">page_page2_unLoad</a> from lto-llvm-39c410.o(.text.page_page2_unLoad) referenced 2 times from lto-llvm-39c410.o(.text.lvgl_thread_entry)
 <LI><a href="#[158]">pin_sample</a> from lto-llvm-39c410.o(.text.pin_sample) referenced from lto-llvm-39c410.o(FSymTab)
 <LI><a href="#[167]">pm_back</a> from lto-llvm-39c410.o(.text.pm_back) referenced from lto-llvm-39c410.o(FSymTab)
 <LI><a href="#[168]">pm_list</a> from lto-llvm-39c410.o(.text.pm_list) referenced from lto-llvm-39c410.o(FSymTab)
 <LI><a href="#[166]">pm_open</a> from lto-llvm-39c410.o(.text.pm_open) referenced from lto-llvm-39c410.o(FSymTab)
 <LI><a href="#[82]">pwd_char_hider_anim</a> from lto-llvm-39c410.o(.text.pwd_char_hider_anim) referenced 2 times from lto-llvm-39c410.o(.text.auto_hide_characters)
 <LI><a href="#[84]">pwd_char_hider_anim_ready</a> from lto-llvm-39c410.o(.text.pwd_char_hider_anim_ready) referenced 2 times from lto-llvm-39c410.o(.text.auto_hide_characters)
 <LI><a href="#[14f]">rt_hw_gt9147_port</a> from lto-llvm-39c410.o(.text.rt_hw_gt9147_port) referenced from lto-llvm-39c410.o(.rti_fn.5)
 <LI><a href="#[72]">rt_serial_close</a> from lto-llvm-39c410.o(.text.rt_serial_close) referenced 2 times from lto-llvm-39c410.o(.text.$Sub$$main)
 <LI><a href="#[75]">rt_serial_control</a> from lto-llvm-39c410.o(.text.rt_serial_control) referenced 2 times from lto-llvm-39c410.o(.text.$Sub$$main)
 <LI><a href="#[71]">rt_serial_init</a> from lto-llvm-39c410.o(.text.rt_serial_init) referenced 2 times from lto-llvm-39c410.o(.text.$Sub$$main)
 <LI><a href="#[70]">rt_serial_open</a> from lto-llvm-39c410.o(.text.rt_serial_open) referenced 2 times from lto-llvm-39c410.o(.text.$Sub$$main)
 <LI><a href="#[73]">rt_serial_read</a> from lto-llvm-39c410.o(.text.rt_serial_read) referenced 2 times from lto-llvm-39c410.o(.text.$Sub$$main)
 <LI><a href="#[74]">rt_serial_write</a> from lto-llvm-39c410.o(.text.rt_serial_write) referenced 2 times from lto-llvm-39c410.o(.text.$Sub$$main)
 <LI><a href="#[e0]">rt_touch_close</a> from lto-llvm-39c410.o(.text.rt_touch_close) referenced 2 times from lto-llvm-39c410.o(.text.rt_hw_gt9147_port)
 <LI><a href="#[e2]">rt_touch_control</a> from lto-llvm-39c410.o(.text.rt_touch_control) referenced 2 times from lto-llvm-39c410.o(.text.rt_hw_gt9147_port)
 <LI><a href="#[df]">rt_touch_open</a> from lto-llvm-39c410.o(.text.rt_touch_open) referenced 2 times from lto-llvm-39c410.o(.text.rt_hw_gt9147_port)
 <LI><a href="#[e1]">rt_touch_read</a> from lto-llvm-39c410.o(.text.rt_touch_read) referenced 2 times from lto-llvm-39c410.o(.text.rt_hw_gt9147_port)
 <LI><a href="#[14c]">rti_board_end</a> from lto-llvm-39c410.o(.text.rti_board_end) referenced from lto-llvm-39c410.o(.rti_fn.1.end)
 <LI><a href="#[14b]">rti_board_start</a> from lto-llvm-39c410.o(.text.rti_board_start) referenced from lto-llvm-39c410.o(.rti_fn.0.end)
 <LI><a href="#[152]">rti_end</a> from lto-llvm-39c410.o(.text.rti_end) referenced from lto-llvm-39c410.o(.rti_fn.6.end)
 <LI><a href="#[14a]">rti_start</a> from lto-llvm-39c410.o(.text.rti_start) referenced from lto-llvm-39c410.o(.rti_fn.0)
 <LI><a href="#[8e]">rx_callback</a> from lto-llvm-39c410.o(.text.rx_callback) referenced 2 times from lto-llvm-39c410.o(.text.gt9147_sample)
 <LI><a href="#[b4]">scroll_anim_ready_cb</a> from lto-llvm-39c410.o(.text.scroll_anim_ready_cb) referenced 2 times from lto-llvm-39c410.o(.text.lv_obj_scroll_by)
 <LI><a href="#[de]">scroll_anim_ready_cb.821</a> from lto-llvm-39c410.o(.text.scroll_anim_ready_cb.821) referenced 2 times from lto-llvm-39c410.o(.text.refr_position)
 <LI><a href="#[b3]">scroll_x_anim</a> from lto-llvm-39c410.o(.text.scroll_x_anim) referenced 2 times from lto-llvm-39c410.o(.text.lv_obj_event)
 <LI><a href="#[b3]">scroll_x_anim</a> from lto-llvm-39c410.o(.text.scroll_x_anim) referenced 2 times from lto-llvm-39c410.o(.text.lv_obj_get_scroll_end)
 <LI><a href="#[b3]">scroll_x_anim</a> from lto-llvm-39c410.o(.text.scroll_x_anim) referenced 4 times from lto-llvm-39c410.o(.text.lv_obj_scroll_by)
 <LI><a href="#[b3]">scroll_x_anim</a> from lto-llvm-39c410.o(.text.scroll_x_anim) referenced 2 times from lto-llvm-39c410.o(.text.lv_obj_scroll_to_x)
 <LI><a href="#[b2]">scroll_y_anim</a> from lto-llvm-39c410.o(.text.scroll_y_anim) referenced 2 times from lto-llvm-39c410.o(.text.lv_obj_event)
 <LI><a href="#[b2]">scroll_y_anim</a> from lto-llvm-39c410.o(.text.scroll_y_anim) referenced 2 times from lto-llvm-39c410.o(.text.lv_obj_get_scroll_end)
 <LI><a href="#[b2]">scroll_y_anim</a> from lto-llvm-39c410.o(.text.scroll_y_anim) referenced 4 times from lto-llvm-39c410.o(.text.lv_obj_scroll_by)
 <LI><a href="#[b2]">scroll_y_anim</a> from lto-llvm-39c410.o(.text.scroll_y_anim) referenced 2 times from lto-llvm-39c410.o(.text.lv_obj_scroll_to_y)
 <LI><a href="#[ae]">set_ofs_x_anim</a> from lto-llvm-39c410.o(.text.set_ofs_x_anim) referenced 8 times from lto-llvm-39c410.o(.text.lv_label_refr_text)
 <LI><a href="#[ae]">set_ofs_x_anim</a> from lto-llvm-39c410.o(.text.set_ofs_x_anim) referenced 2 times from lto-llvm-39c410.o(.text.lv_label_set_long_mode)
 <LI><a href="#[af]">set_ofs_y_anim</a> from lto-llvm-39c410.o(.text.set_ofs_y_anim) referenced 6 times from lto-llvm-39c410.o(.text.lv_label_refr_text)
 <LI><a href="#[af]">set_ofs_y_anim</a> from lto-llvm-39c410.o(.text.set_ofs_y_anim) referenced 2 times from lto-llvm-39c410.o(.text.lv_label_set_long_mode)
 <LI><a href="#[ba]">set_y_anim</a> from lto-llvm-39c410.o(.text.set_y_anim) referenced 2 times from lto-llvm-39c410.o(.text.lv_roller_event)
 <LI><a href="#[ba]">set_y_anim</a> from lto-llvm-39c410.o(.text.set_y_anim) referenced 4 times from lto-llvm-39c410.o(.text.refr_position)
 <LI><a href="#[156]">sfc_cmp</a> from lto-llvm-39c410.o(.text.sfc_cmp) referenced from lto-llvm-39c410.o(FSymTab)
 <LI><a href="#[157]">sfc_copy</a> from lto-llvm-39c410.o(.text.sfc_copy) referenced from lto-llvm-39c410.o(FSymTab)
 <LI><a href="#[153]">sfc_dump</a> from lto-llvm-39c410.o(.text.sfc_dump) referenced from lto-llvm-39c410.o(FSymTab)
 <LI><a href="#[154]">sfc_id</a> from lto-llvm-39c410.o(.text.sfc_id) referenced from lto-llvm-39c410.o(FSymTab)
 <LI><a href="#[155]">sfc_set_read</a> from lto-llvm-39c410.o(.text.sfc_set_read) referenced from lto-llvm-39c410.o(FSymTab)
 <LI><a href="#[ed]">swm_i2c_get_scl</a> from lto-llvm-39c410.o(.text.swm_i2c_get_scl) referenced from lto-llvm-39c410.o(.text.swm_i2c_init)
 <LI><a href="#[ec]">swm_i2c_get_sda</a> from lto-llvm-39c410.o(.text.swm_i2c_get_sda) referenced from lto-llvm-39c410.o(.text.swm_i2c_init)
 <LI><a href="#[14e]">swm_i2c_init</a> from lto-llvm-39c410.o(.text.swm_i2c_init) referenced from lto-llvm-39c410.o(.rti_fn.3)
 <LI><a href="#[eb]">swm_i2c_set_scl</a> from lto-llvm-39c410.o(.text.swm_i2c_set_scl) referenced from lto-llvm-39c410.o(.text.swm_i2c_init)
 <LI><a href="#[ea]">swm_i2c_set_sda</a> from lto-llvm-39c410.o(.text.swm_i2c_set_sda) referenced from lto-llvm-39c410.o(.text.swm_i2c_init)
 <LI><a href="#[ee]">swm_i2c_udelay</a> from lto-llvm-39c410.o(.text.swm_i2c_udelay) referenced from lto-llvm-39c410.o(.text.swm_i2c_init)
 <LI><a href="#[142]">swm_pin_attach_irq</a> from lto-llvm-39c410.o(.text.swm_pin_attach_irq) referenced from lto-llvm-39c410.o(.rodata.swm_pin_ops)
 <LI><a href="#[143]">swm_pin_detach_irq</a> from lto-llvm-39c410.o(.text.swm_pin_detach_irq) referenced from lto-llvm-39c410.o(.rodata.swm_pin_ops)
 <LI><a href="#[145]">swm_pin_get</a> from lto-llvm-39c410.o(.text.swm_pin_get) referenced from lto-llvm-39c410.o(.rodata.swm_pin_ops)
 <LI><a href="#[144]">swm_pin_irq_enable</a> from lto-llvm-39c410.o(.text.swm_pin_irq_enable) referenced from lto-llvm-39c410.o(.rodata.swm_pin_ops)
 <LI><a href="#[13f]">swm_pin_mode</a> from lto-llvm-39c410.o(.text.swm_pin_mode) referenced from lto-llvm-39c410.o(.rodata.swm_pin_ops)
 <LI><a href="#[141]">swm_pin_read</a> from lto-llvm-39c410.o(.text.swm_pin_read) referenced from lto-llvm-39c410.o(.rodata.swm_pin_ops)
 <LI><a href="#[140]">swm_pin_write</a> from lto-llvm-39c410.o(.text.swm_pin_write) referenced from lto-llvm-39c410.o(.rodata.swm_pin_ops)
 <LI><a href="#[ef]">swm_rgb_lcd_configure</a> from lto-llvm-39c410.o(.text.swm_rgb_lcd_configure) referenced 2 times from lto-llvm-39c410.o(.text.swm_rgb_lcd_init)
 <LI><a href="#[f0]">swm_rgb_lcd_control</a> from lto-llvm-39c410.o(.text.swm_rgb_lcd_control) referenced 2 times from lto-llvm-39c410.o(.text.swm_rgb_lcd_init)
 <LI><a href="#[14d]">swm_rgb_lcd_init</a> from lto-llvm-39c410.o(.text.swm_rgb_lcd_init) referenced from lto-llvm-39c410.o(.rti_fn.3)
 <LI><a href="#[68]">swm_sdram_init</a> from lto-llvm-39c410.o(.text.swm_sdram_init) referenced from startup_swm341.o(.text)
 <LI><a href="#[67]">swm_sfc_init</a> from lto-llvm-39c410.o(.text.swm_sfc_init) referenced from startup_swm341.o(.text)
 <LI><a href="#[146]">swm_uart_configure</a> from lto-llvm-39c410.o(.text.swm_uart_configure) referenced from lto-llvm-39c410.o(.rodata.swm_uart_ops)
 <LI><a href="#[147]">swm_uart_control</a> from lto-llvm-39c410.o(.text.swm_uart_control) referenced from lto-llvm-39c410.o(.rodata.swm_uart_ops)
 <LI><a href="#[149]">swm_uart_getc</a> from lto-llvm-39c410.o(.text.swm_uart_getc) referenced from lto-llvm-39c410.o(.rodata.swm_uart_ops)
 <LI><a href="#[148]">swm_uart_putc</a> from lto-llvm-39c410.o(.text.swm_uart_putc) referenced from lto-llvm-39c410.o(.rodata.swm_uart_ops)
 <LI><a href="#[ce]">theme_apply</a> from lto-llvm-39c410.o(.text.theme_apply) referenced 2 times from lto-llvm-39c410.o(.text.lvgl_thread_entry)
 <LI><a href="#[89]">thread1_entry</a> from lto-llvm-39c410.o(.text.thread1_entry) referenced 2 times from lto-llvm-39c410.o(.text.dynmem_sample)
 <LI><a href="#[c3]">tileview_event_cb</a> from lto-llvm-39c410.o(.text.tileview_event_cb) referenced 2 times from lto-llvm-39c410.o(.text.lv_tileview_constructor)
 <LI><a href="#[e3]">touch_irq_callback</a> from lto-llvm-39c410.o(.text.touch_irq_callback) referenced 2 times from lto-llvm-39c410.o(.text.rt_touch_open)
 <LI><a href="#[cf]">touchpad_read</a> from lto-llvm-39c410.o(.text.touchpad_read) referenced 2 times from lto-llvm-39c410.o(.text.lvgl_thread_entry)
 <LI><a href="#[b5]">trans_anim_cb</a> from lto-llvm-39c410.o(.text.trans_anim_cb) referenced 2 times from lto-llvm-39c410.o(.text.lv_obj_set_state)
 <LI><a href="#[b7]">trans_anim_ready_cb</a> from lto-llvm-39c410.o(.text.trans_anim_ready_cb) referenced 2 times from lto-llvm-39c410.o(.text.lv_obj_set_state)
 <LI><a href="#[b6]">trans_anim_start_cb</a> from lto-llvm-39c410.o(.text.trans_anim_start_cb) referenced 2 times from lto-llvm-39c410.o(.text.lv_obj_set_state)
 <LI><a href="#[7a]">translateX_anima_cb</a> from lto-llvm-39c410.o(.text.translateX_anima_cb) referenced 2 times from lto-llvm-39c410.o(.text._pm_anima_appear)
 <LI><a href="#[7a]">translateX_anima_cb</a> from lto-llvm-39c410.o(.text.translateX_anima_cb) referenced 2 times from lto-llvm-39c410.o(.text._pm_anima_disAppear)
 <LI><a href="#[7d]">translateY_anima_cb</a> from lto-llvm-39c410.o(.text.translateY_anima_cb) referenced 2 times from lto-llvm-39c410.o(.text._pm_anima_appear)
 <LI><a href="#[7d]">translateY_anima_cb</a> from lto-llvm-39c410.o(.text.translateY_anima_cb) referenced 2 times from lto-llvm-39c410.o(.text._pm_anima_disAppear)
 <LI><a href="#[d7]">value_changed_event_cb</a> from lto-llvm-39c410.o(.text.value_changed_event_cb) referenced 2 times from lto-llvm-39c410.o(.text.my_constructor)
 <LI><a href="#[da]">value_changed_event_cb.1276</a> from lto-llvm-39c410.o(.text.value_changed_event_cb.1276) referenced 2 times from lto-llvm-39c410.o(.text.my_constructor.1272)
 <LI><a href="#[161]">version</a> from lto-llvm-39c410.o(.text.version) referenced from lto-llvm-39c410.o(FSymTab)
 <LI><a href="#[d8]">year_event_cb</a> from lto-llvm-39c410.o(.text.year_event_cb) referenced 2 times from lto-llvm-39c410.o(.text.my_constructor.1272)
</UL>
<P>
<H3>
Global Symbols
</H3>
<P><STRONG><a name="[69]"></a>__main</STRONG> (Thumb, 8 bytes, Stack size 0 bytes, __main.o(!!!main))
<BR><BR>[Calls]<UL><LI><a href="#[16a]">&gt;&gt;</a>&nbsp;&nbsp;&nbsp;__rt_entry
<LI><a href="#[169]">&gt;&gt;</a>&nbsp;&nbsp;&nbsp;__scatterload
</UL>
<BR>[Address Reference Count : 1]<UL><LI> startup_swm341.o(.text)
</UL>
<P><STRONG><a name="[169]"></a>__scatterload</STRONG> (Thumb, 0 bytes, Stack size unknown bytes, __scatter.o(!!!scatter))
<BR><BR>[Called By]<UL><LI><a href="#[69]">&gt;&gt;</a>&nbsp;&nbsp;&nbsp;__main
</UL>

<P><STRONG><a name="[16b]"></a>__scatterload_rt2</STRONG> (Thumb, 84 bytes, Stack size unknown bytes, __scatter.o(!!!scatter), UNUSED)
<BR><BR>[Calls]<UL><LI><a href="#[16a]">&gt;&gt;</a>&nbsp;&nbsp;&nbsp;__rt_entry
</UL>

<P><STRONG><a name="[323]"></a>__scatterload_rt2_thumb_only</STRONG> (Thumb, 0 bytes, Stack size unknown bytes, __scatter.o(!!!scatter), UNUSED)

<P><STRONG><a name="[324]"></a>__scatterload_loop</STRONG> (Thumb, 0 bytes, Stack size unknown bytes, __scatter.o(!!!scatter), UNUSED)

<P><STRONG><a name="[325]"></a>__decompress</STRONG> (Thumb, 90 bytes, Stack size unknown bytes, __dczerorl2.o(!!dczerorl2), UNUSED)

<P><STRONG><a name="[326]"></a>__decompress1</STRONG> (Thumb, 0 bytes, Stack size unknown bytes, __dczerorl2.o(!!dczerorl2), UNUSED)

<P><STRONG><a name="[16c]"></a>__scatterload_copy</STRONG> (Thumb, 26 bytes, Stack size unknown bytes, __scatter_copy.o(!!handler_copy), UNUSED)
<BR><BR>[Calls]<UL><LI><a href="#[16c]">&gt;&gt;</a>&nbsp;&nbsp;&nbsp;__scatterload_copy
</UL>
<BR>[Called By]<UL><LI><a href="#[16c]">&gt;&gt;</a>&nbsp;&nbsp;&nbsp;__scatterload_copy
</UL>

<P><STRONG><a name="[327]"></a>__scatterload_null</STRONG> (Thumb, 2 bytes, Stack size unknown bytes, __scatter.o(!!handler_null), UNUSED)

<P><STRONG><a name="[328]"></a>__scatterload_zeroinit</STRONG> (Thumb, 28 bytes, Stack size unknown bytes, __scatter_zi.o(!!handler_zi), UNUSED)

<P><STRONG><a name="[16d]"></a>_printf_d</STRONG> (Thumb, 0 bytes, Stack size unknown bytes, _printf_d.o(.ARM.Collect$$_printf_percent$$00000009))
<BR><BR>[Stack]<UL><LI>Max Depth = 56 + Unknown Stack Size
<LI>Call Chain = _printf_d &rArr; _printf_int_dec &rArr; _printf_int_common
</UL>
<BR>[Calls]<UL><LI><a href="#[16e]">&gt;&gt;</a>&nbsp;&nbsp;&nbsp;_printf_int_dec
</UL>

<P><STRONG><a name="[18b]"></a>_printf_percent</STRONG> (Thumb, 0 bytes, Stack size unknown bytes, _printf_percent.o(.ARM.Collect$$_printf_percent$$00000000))
<BR><BR>[Called By]<UL><LI><a href="#[18a]">&gt;&gt;</a>&nbsp;&nbsp;&nbsp;__printf
</UL>

<P><STRONG><a name="[329]"></a>_printf_percent_end</STRONG> (Thumb, 0 bytes, Stack size unknown bytes, _printf_percent_end.o(.ARM.Collect$$_printf_percent$$00000017))

<P><STRONG><a name="[17b]"></a>__rt_lib_init</STRONG> (Thumb, 0 bytes, Stack size unknown bytes, libinit.o(.ARM.Collect$$libinit$$00000000))
<BR><BR>[Called By]<UL><LI><a href="#[17a]">&gt;&gt;</a>&nbsp;&nbsp;&nbsp;__rt_entry_li
</UL>

<P><STRONG><a name="[16f]"></a>__rt_lib_init_fp_1</STRONG> (Thumb, 0 bytes, Stack size unknown bytes, libinit2.o(.ARM.Collect$$libinit$$00000001))
<BR><BR>[Calls]<UL><LI><a href="#[170]">&gt;&gt;</a>&nbsp;&nbsp;&nbsp;_fp_init
</UL>

<P><STRONG><a name="[32a]"></a>__rt_lib_init_heap_1</STRONG> (Thumb, 0 bytes, Stack size unknown bytes, libinit2.o(.ARM.Collect$$libinit$$0000000C))

<P><STRONG><a name="[171]"></a>__rt_lib_init_lc_common</STRONG> (Thumb, 0 bytes, Stack size unknown bytes, libinit2.o(.ARM.Collect$$libinit$$00000011))
<BR><BR>[Calls]<UL><LI><a href="#[172]">&gt;&gt;</a>&nbsp;&nbsp;&nbsp;__rt_locale
</UL>

<P><STRONG><a name="[32b]"></a>__rt_lib_init_preinit_1</STRONG> (Thumb, 0 bytes, Stack size unknown bytes, libinit2.o(.ARM.Collect$$libinit$$00000006))

<P><STRONG><a name="[32c]"></a>__rt_lib_init_rand_1</STRONG> (Thumb, 0 bytes, Stack size unknown bytes, libinit2.o(.ARM.Collect$$libinit$$00000010))

<P><STRONG><a name="[32d]"></a>__rt_lib_init_relocate_pie_1</STRONG> (Thumb, 0 bytes, Stack size unknown bytes, libinit2.o(.ARM.Collect$$libinit$$00000004))

<P><STRONG><a name="[32e]"></a>__rt_lib_init_user_alloc_1</STRONG> (Thumb, 0 bytes, Stack size unknown bytes, libinit2.o(.ARM.Collect$$libinit$$0000000E))

<P><STRONG><a name="[32f]"></a>__rt_lib_init_lc_collate_1</STRONG> (Thumb, 0 bytes, Stack size unknown bytes, libinit2.o(.ARM.Collect$$libinit$$00000013))

<P><STRONG><a name="[173]"></a>__rt_lib_init_lc_ctype_2</STRONG> (Thumb, 0 bytes, Stack size unknown bytes, libinit2.o(.ARM.Collect$$libinit$$00000014))
<BR><BR>[Stack]<UL><LI>Max Depth = 16 + Unknown Stack Size
<LI>Call Chain = __rt_lib_init_lc_ctype_2 &rArr; _get_lc_ctype &rArr; strcmp
</UL>
<BR>[Calls]<UL><LI><a href="#[6a]">&gt;&gt;</a>&nbsp;&nbsp;&nbsp;_get_lc_ctype
</UL>

<P><STRONG><a name="[330]"></a>__rt_lib_init_atexit_1</STRONG> (Thumb, 0 bytes, Stack size unknown bytes, libinit2.o(.ARM.Collect$$libinit$$0000001D))

<P><STRONG><a name="[331]"></a>__rt_lib_init_clock_1</STRONG> (Thumb, 0 bytes, Stack size unknown bytes, libinit2.o(.ARM.Collect$$libinit$$00000023))

<P><STRONG><a name="[332]"></a>__rt_lib_init_fp_trap_1</STRONG> (Thumb, 0 bytes, Stack size unknown bytes, libinit2.o(.ARM.Collect$$libinit$$00000021))

<P><STRONG><a name="[333]"></a>__rt_lib_init_getenv_1</STRONG> (Thumb, 0 bytes, Stack size unknown bytes, libinit2.o(.ARM.Collect$$libinit$$00000025))

<P><STRONG><a name="[334]"></a>__rt_lib_init_lc_ctype_1</STRONG> (Thumb, 0 bytes, Stack size unknown bytes, libinit2.o(.ARM.Collect$$libinit$$00000015))

<P><STRONG><a name="[335]"></a>__rt_lib_init_lc_monetary_1</STRONG> (Thumb, 0 bytes, Stack size unknown bytes, libinit2.o(.ARM.Collect$$libinit$$00000017))

<P><STRONG><a name="[336]"></a>__rt_lib_init_lc_numeric_1</STRONG> (Thumb, 0 bytes, Stack size unknown bytes, libinit2.o(.ARM.Collect$$libinit$$00000019))

<P><STRONG><a name="[337]"></a>__rt_lib_init_lc_time_1</STRONG> (Thumb, 0 bytes, Stack size unknown bytes, libinit2.o(.ARM.Collect$$libinit$$0000001B))

<P><STRONG><a name="[338]"></a>__rt_lib_init_signal_1</STRONG> (Thumb, 0 bytes, Stack size unknown bytes, libinit2.o(.ARM.Collect$$libinit$$0000001F))

<P><STRONG><a name="[174]"></a>__rt_lib_init_stdio_2</STRONG> (Thumb, 0 bytes, Stack size unknown bytes, libinit2.o(.ARM.Collect$$libinit$$00000026))
<BR><BR>[Stack]<UL><LI>Max Depth = 360 + Unknown Stack Size
<LI>Call Chain = __rt_lib_init_stdio_2 &rArr; _initio &rArr; freopen &rArr; _fclose_internal &rArr; free &rArr; rt_free &rArr; rt_memheap_free &rArr; rt_sem_take &rArr; rt_thread_suspend_to_list &rArr; rt_timer_stop &rArr; rt_exit_critical_safe &rArr; rt_schedule &rArr; rt_kprintf &rArr; rt_vsnprintf &rArr; print_number
</UL>
<BR>[Calls]<UL><LI><a href="#[175]">&gt;&gt;</a>&nbsp;&nbsp;&nbsp;_initio
</UL>

<P><STRONG><a name="[339]"></a>__rt_lib_init_alloca_1</STRONG> (Thumb, 0 bytes, Stack size unknown bytes, libinit2.o(.ARM.Collect$$libinit$$00000030))

<P><STRONG><a name="[33a]"></a>__rt_lib_init_argv_1</STRONG> (Thumb, 0 bytes, Stack size unknown bytes, libinit2.o(.ARM.Collect$$libinit$$0000002E))

<P><STRONG><a name="[33b]"></a>__rt_lib_init_cpp_1</STRONG> (Thumb, 0 bytes, Stack size unknown bytes, libinit2.o(.ARM.Collect$$libinit$$00000034))

<P><STRONG><a name="[33c]"></a>__rt_lib_init_exceptions_1</STRONG> (Thumb, 0 bytes, Stack size unknown bytes, libinit2.o(.ARM.Collect$$libinit$$00000032))

<P><STRONG><a name="[33d]"></a>__rt_lib_init_return</STRONG> (Thumb, 0 bytes, Stack size unknown bytes, libinit2.o(.ARM.Collect$$libinit$$00000035))

<P><STRONG><a name="[33e]"></a>__rt_lib_init_stdio_1</STRONG> (Thumb, 0 bytes, Stack size unknown bytes, libinit2.o(.ARM.Collect$$libinit$$00000027))

<P><STRONG><a name="[180]"></a>__rt_lib_shutdown</STRONG> (Thumb, 0 bytes, Stack size unknown bytes, libshutdown.o(.ARM.Collect$$libshutdown$$00000000))
<BR><BR>[Called By]<UL><LI><a href="#[17f]">&gt;&gt;</a>&nbsp;&nbsp;&nbsp;__rt_exit_ls
</UL>

<P><STRONG><a name="[33f]"></a>__rt_lib_shutdown_cpp_1</STRONG> (Thumb, 0 bytes, Stack size unknown bytes, libshutdown2.o(.ARM.Collect$$libshutdown$$00000002))

<P><STRONG><a name="[176]"></a>__rt_lib_shutdown_stdio_2</STRONG> (Thumb, 0 bytes, Stack size unknown bytes, libshutdown2.o(.ARM.Collect$$libshutdown$$00000003))
<BR><BR>[Stack]<UL><LI>Max Depth = 344 + Unknown Stack Size
<LI>Call Chain = __rt_lib_shutdown_stdio_2 &rArr; _terminateio &rArr; _fclose_internal &rArr; free &rArr; rt_free &rArr; rt_memheap_free &rArr; rt_sem_take &rArr; rt_thread_suspend_to_list &rArr; rt_timer_stop &rArr; rt_exit_critical_safe &rArr; rt_schedule &rArr; rt_kprintf &rArr; rt_vsnprintf &rArr; print_number
</UL>
<BR>[Calls]<UL><LI><a href="#[177]">&gt;&gt;</a>&nbsp;&nbsp;&nbsp;_terminateio
</UL>

<P><STRONG><a name="[340]"></a>__rt_lib_shutdown_fp_trap_1</STRONG> (Thumb, 0 bytes, Stack size unknown bytes, libshutdown2.o(.ARM.Collect$$libshutdown$$00000007))

<P><STRONG><a name="[341]"></a>__rt_lib_shutdown_heap_1</STRONG> (Thumb, 0 bytes, Stack size unknown bytes, libshutdown2.o(.ARM.Collect$$libshutdown$$0000000F))

<P><STRONG><a name="[342]"></a>__rt_lib_shutdown_return</STRONG> (Thumb, 0 bytes, Stack size unknown bytes, libshutdown2.o(.ARM.Collect$$libshutdown$$00000010))

<P><STRONG><a name="[343]"></a>__rt_lib_shutdown_signal_1</STRONG> (Thumb, 0 bytes, Stack size unknown bytes, libshutdown2.o(.ARM.Collect$$libshutdown$$0000000A))

<P><STRONG><a name="[344]"></a>__rt_lib_shutdown_stdio_1</STRONG> (Thumb, 0 bytes, Stack size unknown bytes, libshutdown2.o(.ARM.Collect$$libshutdown$$00000004))

<P><STRONG><a name="[345]"></a>__rt_lib_shutdown_user_alloc_1</STRONG> (Thumb, 0 bytes, Stack size unknown bytes, libshutdown2.o(.ARM.Collect$$libshutdown$$0000000C))

<P><STRONG><a name="[16a]"></a>__rt_entry</STRONG> (Thumb, 0 bytes, Stack size unknown bytes, __rtentry.o(.ARM.Collect$$rtentry$$00000000))
<BR><BR>[Called By]<UL><LI><a href="#[69]">&gt;&gt;</a>&nbsp;&nbsp;&nbsp;__main
<LI><a href="#[16b]">&gt;&gt;</a>&nbsp;&nbsp;&nbsp;__scatterload_rt2
</UL>

<P><STRONG><a name="[346]"></a>__rt_entry_presh_1</STRONG> (Thumb, 0 bytes, Stack size unknown bytes, __rtentry2.o(.ARM.Collect$$rtentry$$00000002))

<P><STRONG><a name="[178]"></a>__rt_entry_sh</STRONG> (Thumb, 0 bytes, Stack size unknown bytes, __rtentry4.o(.ARM.Collect$$rtentry$$00000004))
<BR><BR>[Stack]<UL><LI>Max Depth = 8 + Unknown Stack Size
<LI>Call Chain = __rt_entry_sh &rArr; __user_setup_stackheap
</UL>
<BR>[Calls]<UL><LI><a href="#[179]">&gt;&gt;</a>&nbsp;&nbsp;&nbsp;__user_setup_stackheap
</UL>

<P><STRONG><a name="[17a]"></a>__rt_entry_li</STRONG> (Thumb, 0 bytes, Stack size unknown bytes, __rtentry2.o(.ARM.Collect$$rtentry$$0000000A))
<BR><BR>[Calls]<UL><LI><a href="#[17b]">&gt;&gt;</a>&nbsp;&nbsp;&nbsp;__rt_lib_init
</UL>

<P><STRONG><a name="[347]"></a>__rt_entry_postsh_1</STRONG> (Thumb, 0 bytes, Stack size unknown bytes, __rtentry2.o(.ARM.Collect$$rtentry$$00000009))

<P><STRONG><a name="[17c]"></a>__rt_entry_main</STRONG> (Thumb, 0 bytes, Stack size unknown bytes, __rtentry2.o(.ARM.Collect$$rtentry$$0000000D))
<BR><BR>[Stack]<UL><LI>Max Depth = 424 + Unknown Stack Size
[...]
</UL>
<BR>[Calls]<UL><LI><a href="#[210]">&gt;&gt;</a>&nbsp;&nbsp;&nbsp;lv_pm_open_page
</UL>
<BR>[Address Reference Count : 1]<UL><LI> lto-llvm-39c410.o(.text.page_page1_onLoad)
</UL>
<P><STRONG><a name="[210]"></a>lv_pm_open_page</STRONG> (Thumb, 258 bytes, Stack size 40 bytes, lto-llvm-39c410.o(.text.lv_pm_open_page))
<BR><BR>[Stack]<UL><LI>Max Depth = 488 + Unknown Stack Size
<LI>Call Chain = lv_pm_open_page &rArr; _pm_anima_appear &rArr; lv_obj_set_local_style_prop &rArr; lv_style_set_prop &rArr; lv_mem_realloc &rArr; rt_realloc &rArr; _memheap_realloc &rArr; _memheap_alloc &rArr; rt_memheap_alloc &rArr; rt_sem_take &rArr; rt_thread_suspend_to_list &rArr; rt_timer_stop &rArr; rt_exit_critical_safe &rArr; rt_schedule &rArr; rt_kprintf &rArr; rt_vsnprintf &rArr; print_number
</UL>
<BR>[Calls]<UL><LI><a href="#[20f]">&gt;&gt;</a>&nbsp;&nbsp;&nbsp;lv_obj_clear_flag
<LI><a href="#[20c]">&gt;&gt;</a>&nbsp;&nbsp;&nbsp;_pm_anima_appear
<LI><a href="#[20e]">&gt;&gt;</a>&nbsp;&nbsp;&nbsp;_pm_anima_disAppear
</UL>
<BR>[Called By]<UL><LI><a href="#[91]">&gt;&gt;</a>&nbsp;&nbsp;&nbsp;_pm_async_cb
<LI><a href="#[d5]">&gt;&gt;</a>&nbsp;&nbsp;&nbsp;lvgl_thread_entry
<LI><a href="#[dc]">&gt;&gt;</a>&nbsp;&nbsp;&nbsp;p2_btn_1_event_cb
<LI><a href="#[db]">&gt;&gt;</a>&nbsp;&nbsp;&nbsp;p1_btn_1_event_cb
</UL>

<P><STRONG><a name="[d2]"></a>page_page1_unLoad</STRONG> (Thumb, 64 bytes, Stack size 24 bytes, lto-llvm-39c410.o(.text.page_page1_unLoad))
<BR><BR>[Stack]<UL><LI>Max Depth = 440 + Unknown Stack Size
<LI>Call Chain = page_page1_unLoad &rArr; lv_obj_del &rArr; obj_del_core &rArr;  obj_del_core (Cycle)
</UL>
<BR>[Calls]<UL><LI><a href="#[192]">&gt;&gt;</a>&nbsp;&nbsp;&nbsp;puts
<LI><a href="#[2b6]">&gt;&gt;</a>&nbsp;&nbsp;&nbsp;lv_obj_del
</UL>
<BR>[Address Reference Count : 1]<UL><LI> lto-llvm-39c410.o(.text.lvgl_thread_entry)
</UL>
<P><STRONG><a name="[164]"></a>cmd_pm_open</STRONG> (Thumb, 68 bytes, Stack size 16 bytes, lto-llvm-39c410.o(.text.cmd_pm_open))
<BR><BR>[Stack]<UL><LI>Max Depth = 376 + Unknown Stack Size
<LI>Call Chain = cmd_pm_open &rArr; lv_async_call &rArr; lv_timer_create &rArr; _lv_ll_ins_head &rArr; rt_malloc &rArr; _memheap_alloc &rArr; rt_memheap_alloc &rArr; rt_sem_take &rArr; rt_thread_suspend_to_list &rArr; rt_timer_stop &rArr; rt_exit_critical_safe &rArr; rt_schedule &rArr; rt_kprintf &rArr; rt_vsnprintf &rArr; print_number
</UL>
<BR>[Calls]<UL><LI><a href="#[18d]">&gt;&gt;</a>&nbsp;&nbsp;&nbsp;atoi
<LI><a href="#[1da]">&gt;&gt;</a>&nbsp;&nbsp;&nbsp;rt_malloc
<LI><a href="#[207]">&gt;&gt;</a>&nbsp;&nbsp;&nbsp;rt_kprintf
<LI><a href="#[231]">&gt;&gt;</a>&nbsp;&nbsp;&nbsp;lv_async_call
</UL>
<BR>[Called By]<UL><LI><a href="#[166]">&gt;&gt;</a>&nbsp;&nbsp;&nbsp;pm_open
</UL>
<BR>[Address Reference Count : 1]<UL><LI> lto-llvm-39c410.o(FSymTab)
</UL>
<P><STRONG><a name="[7e]"></a>_back_disAppear_complete_cb</STRONG> (Thumb, 34 bytes, Stack size 8 bytes, lto-llvm-39c410.o(.text._back_disAppear_complete_cb))
<BR><BR>[Stack]<UL><LI>Max Depth = 384<LI>Call Chain = _back_disAppear_complete_cb &rArr; lv_obj_add_flag &rArr; focus_next_core &rArr; lv_obj_invalidate &rArr; lv_obj_invalidate_area &rArr; lv_obj_area_is_visible &rArr; lv_obj_get_transformed_area &rArr; lv_obj_transform_point &rArr;  lv_obj_transform_point (Cycle)
</UL>
<BR>[Calls]<UL><LI><a href="#[1d6]">&gt;&gt;</a>&nbsp;&nbsp;&nbsp;lv_obj_add_flag
</UL>
<BR>[Address Reference Count : 1]<UL><LI> lto-llvm-39c410.o(.text._pm_async_cb)
</UL>
<P><STRONG><a name="[20e]"></a>_pm_anima_disAppear</STRONG> (Thumb, 388 bytes, Stack size 32 bytes, lto-llvm-39c410.o(.text._pm_anima_disAppear))
<BR><BR>[Stack]<UL><LI>Max Depth = 448 + Unknown Stack Size
<LI>Call Chain = _pm_anima_disAppear &rArr; lv_obj_set_local_style_prop &rArr; lv_style_set_prop &rArr; lv_mem_realloc &rArr; rt_realloc &rArr; _memheap_realloc &rArr; _memheap_alloc &rArr; rt_memheap_alloc &rArr; rt_sem_take &rArr; rt_thread_suspend_to_list &rArr; rt_timer_stop &rArr; rt_exit_critical_safe &rArr; rt_schedule &rArr; rt_kprintf &rArr; rt_vsnprintf &rArr; print_number
</UL>
<BR>[Calls]<UL><LI><a href="#[1a1]">&gt;&gt;</a>&nbsp;&nbsp;&nbsp;__aeabi_memclr4
<LI><a href="#[1da]">&gt;&gt;</a>&nbsp;&nbsp;&nbsp;rt_malloc
<LI><a href="#[20d]">&gt;&gt;</a>&nbsp;&nbsp;&nbsp;lv_anim_start
<LI><a href="#[1e3]">&gt;&gt;</a>&nbsp;&nbsp;&nbsp;lv_obj_set_local_style_prop
</UL>
<BR>[Called By]<UL><LI><a href="#[91]">&gt;&gt;</a>&nbsp;&nbsp;&nbsp;_pm_async_cb
<LI><a href="#[210]">&gt;&gt;</a>&nbsp;&nbsp;&nbsp;lv_pm_open_page
</UL>

<P><STRONG><a name="[7f]"></a>_back_appear_complete_cb</STRONG> (Thumb, 10 bytes, Stack size 0 bytes, lto-llvm-39c410.o(.text._back_appear_complete_cb))
<BR>[Address Reference Count : 1]<UL><LI> lto-llvm-39c410.o(.text._pm_async_cb)
</UL>
<P><STRONG><a name="[20c]"></a>_pm_anima_appear</STRONG> (Thumb, 394 bytes, Stack size 32 bytes, lto-llvm-39c410.o(.text._pm_anima_appear))
<BR><BR>[Stack]<UL><LI>Max Depth = 448 + Unknown Stack Size
<LI>Call Chain = _pm_anima_appear &rArr; lv_obj_set_local_style_prop &rArr; lv_style_set_prop &rArr; lv_mem_realloc &rArr; rt_realloc &rArr; _memheap_realloc &rArr; _memheap_alloc &rArr; rt_memheap_alloc &rArr; rt_sem_take &rArr; rt_thread_suspend_to_list &rArr; rt_timer_stop &rArr; rt_exit_critical_safe &rArr; rt_schedule &rArr; rt_kprintf &rArr; rt_vsnprintf &rArr; print_number
</UL>
<BR>[Calls]<UL><LI><a href="#[1a1]">&gt;&gt;</a>&nbsp;&nbsp;&nbsp;__aeabi_memclr4
<LI><a href="#[1da]">&gt;&gt;</a>&nbsp;&nbsp;&nbsp;rt_malloc
<LI><a href="#[20d]">&gt;&gt;</a>&nbsp;&nbsp;&nbsp;lv_anim_start
<LI><a href="#[1e3]">&gt;&gt;</a>&nbsp;&nbsp;&nbsp;lv_obj_set_local_style_prop
</UL>
<BR>[Called By]<UL><LI><a href="#[91]">&gt;&gt;</a>&nbsp;&nbsp;&nbsp;_pm_async_cb
<LI><a href="#[210]">&gt;&gt;</a>&nbsp;&nbsp;&nbsp;lv_pm_open_page
</UL>

<P><STRONG><a name="[165]"></a>cmd_pm_back</STRONG> (Thumb, 40 bytes, Stack size 8 bytes, lto-llvm-39c410.o(.text.cmd_pm_back))
<BR><BR>[Stack]<UL><LI>Max Depth = 368 + Unknown Stack Size
<LI>Call Chain = cmd_pm_back &rArr; lv_async_call &rArr; lv_timer_create &rArr; _lv_ll_ins_head &rArr; rt_malloc &rArr; _memheap_alloc &rArr; rt_memheap_alloc &rArr; rt_sem_take &rArr; rt_thread_suspend_to_list &rArr; rt_timer_stop &rArr; rt_exit_critical_safe &rArr; rt_schedule &rArr; rt_kprintf &rArr; rt_vsnprintf &rArr; print_number
</UL>
<BR>[Calls]<UL><LI><a href="#[1da]">&gt;&gt;</a>&nbsp;&nbsp;&nbsp;rt_malloc
<LI><a href="#[207]">&gt;&gt;</a>&nbsp;&nbsp;&nbsp;rt_kprintf
<LI><a href="#[231]">&gt;&gt;</a>&nbsp;&nbsp;&nbsp;lv_async_call
</UL>
<BR>[Called By]<UL><LI><a href="#[167]">&gt;&gt;</a>&nbsp;&nbsp;&nbsp;pm_back
</UL>
<BR>[Address Reference Count : 1]<UL><LI> lto-llvm-39c410.o(FSymTab)
</UL>
<P><STRONG><a name="[166]"></a>pm_open</STRONG> (Thumb, 4 bytes, Stack size 0 bytes, lto-llvm-39c410.o(.text.pm_open))
<BR><BR>[Stack]<UL><LI>Max Depth = 376 + Unknown Stack Size
<LI>Call Chain = pm_open &rArr; cmd_pm_open &rArr; lv_async_call &rArr; lv_timer_create &rArr; _lv_ll_ins_head &rArr; rt_malloc &rArr; _memheap_alloc &rArr; rt_memheap_alloc &rArr; rt_sem_take &rArr; rt_thread_suspend_to_list &rArr; rt_timer_stop &rArr; rt_exit_critical_safe &rArr; rt_schedule &rArr; rt_kprintf &rArr; rt_vsnprintf &rArr; print_number
</UL>
<BR>[Calls]<UL><LI><a href="#[164]">&gt;&gt;</a>&nbsp;&nbsp;&nbsp;cmd_pm_open
</UL>
<BR>[Address Reference Count : 1]<UL><LI> lto-llvm-39c410.o(FSymTab)
</UL>
<P><STRONG><a name="[167]"></a>pm_back</STRONG> (Thumb, 4 bytes, Stack size 0 bytes, lto-llvm-39c410.o(.text.pm_back))
<BR><BR>[Stack]<UL><LI>Max Depth = 368 + Unknown Stack Size
<LI>Call Chain = pm_back &rArr; cmd_pm_back &rArr; lv_async_call &rArr; lv_timer_create &rArr; _lv_ll_ins_head &rArr; rt_malloc &rArr; _memheap_alloc &rArr; rt_memheap_alloc &rArr; rt_sem_take &rArr; rt_thread_suspend_to_list &rArr; rt_timer_stop &rArr; rt_exit_critical_safe &rArr; rt_schedule &rArr; rt_kprintf &rArr; rt_vsnprintf &rArr; print_number
</UL>
<BR>[Calls]<UL><LI><a href="#[165]">&gt;&gt;</a>&nbsp;&nbsp;&nbsp;cmd_pm_back
</UL>
<BR>[Address Reference Count : 1]<UL><LI> lto-llvm-39c410.o(FSymTab)
</UL>
<P><STRONG><a name="[168]"></a>pm_list</STRONG> (Thumb, 72 bytes, Stack size 24 bytes, lto-llvm-39c410.o(.text.pm_list))
<BR><BR>[Stack]<UL><LI>Max Depth = 184 + Unknown Stack Size
<LI>Call Chain = pm_list &rArr; rt_kprintf &rArr; rt_vsnprintf &rArr; print_number
</UL>
<BR>[Calls]<UL><LI><a href="#[207]">&gt;&gt;</a>&nbsp;&nbsp;&nbsp;rt_kprintf
</UL>
<BR>[Address Reference Count : 1]<UL><LI> lto-llvm-39c410.o(FSymTab)
</UL>
<P><STRONG><a name="[d3]"></a>page_page2_onLoad</STRONG> (Thumb, 724 bytes, Stack size 56 bytes, lto-llvm-39c410.o(.text.page_page2_onLoad))
<BR><BR>[Stack]<UL><LI>Max Depth = 560 + Unknown Stack Size
<LI>Call Chain = page_page2_onLoad &rArr; lv_label_set_text &rArr; lv_label_refr_text &rArr; lv_anim_start &rArr; lv_anim_del &rArr; rt_free &rArr; rt_memheap_free &rArr; rt_sem_take &rArr; rt_thread_suspend_to_list &rArr; rt_timer_stop &rArr; rt_exit_critical_safe &rArr; rt_schedule &rArr; rt_kprintf &rArr; rt_vsnprintf &rArr; print_number
</UL>
<BR>[Calls]<UL><LI><a href="#[192]">&gt;&gt;</a>&nbsp;&nbsp;&nbsp;puts
<LI><a href="#[188]">&gt;&gt;</a>&nbsp;&nbsp;&nbsp;__2printf
<LI><a href="#[1e5]">&gt;&gt;</a>&nbsp;&nbsp;&nbsp;lv_obj_align
<LI><a href="#[29f]">&gt;&gt;</a>&nbsp;&nbsp;&nbsp;lv_obj_add_event_cb
<LI><a href="#[2bd]">&gt;&gt;</a>&nbsp;&nbsp;&nbsp;lv_obj_set_x
<LI><a href="#[283]">&gt;&gt;</a>&nbsp;&nbsp;&nbsp;lv_obj_set_y
<LI><a href="#[1e2]">&gt;&gt;</a>&nbsp;&nbsp;&nbsp;lv_obj_class_init_obj
<LI><a href="#[1e1]">&gt;&gt;</a>&nbsp;&nbsp;&nbsp;lv_obj_class_create_obj
<LI><a href="#[1e4]">&gt;&gt;</a>&nbsp;&nbsp;&nbsp;lv_label_set_text
<LI><a href="#[2bc]">&gt;&gt;</a>&nbsp;&nbsp;&nbsp;lv_obj_set_height
<LI><a href="#[1e3]">&gt;&gt;</a>&nbsp;&nbsp;&nbsp;lv_obj_set_local_style_prop
<LI><a href="#[2a0]">&gt;&gt;</a>&nbsp;&nbsp;&nbsp;lv_obj_set_width
</UL>
<BR>[Address Reference Count : 1]<UL><LI> lto-llvm-39c410.o(.text.lvgl_thread_entry)
</UL>
<P><STRONG><a name="[dc]"></a>p2_btn_1_event_cb</STRONG> (Thumb, 26 bytes, Stack size 0 bytes, lto-llvm-39c410.o(.text.p2_btn_1_event_cb))
<BR><BR>[Stack]<UL><LI>Max Depth = 488 + Unknown Stack Size
<LI>Call Chain = p2_btn_1_event_cb &rArr; lv_pm_open_page &rArr; _pm_anima_appear &rArr; lv_obj_set_local_style_prop &rArr; lv_style_set_prop &rArr; lv_mem_realloc &rArr; rt_realloc &rArr; _memheap_realloc &rArr; _memheap_alloc &rArr; rt_memheap_alloc &rArr; rt_sem_take &rArr; rt_thread_suspend_to_list &rArr; rt_timer_stop &rArr; rt_exit_critical_safe &rArr; rt_schedule &rArr; rt_kprintf &rArr; rt_vsnprintf &rArr; print_number
</UL>
<BR>[Calls]<UL><LI><a href="#[210]">&gt;&gt;</a>&nbsp;&nbsp;&nbsp;lv_pm_open_page
</UL>
<BR>[Address Reference Count : 1]<UL><LI> lto-llvm-39c410.o(.text.page_page2_onLoad)
</UL>
<P><STRONG><a name="[d4]"></a>page_page2_unLoad</STRONG> (Thumb, 64 bytes, Stack size 24 bytes, lto-llvm-39c410.o(.text.page_page2_unLoad))
<BR><BR>[Stack]<UL><LI>Max Depth = 440 + Unknown Stack Size
<LI>Call Chain = page_page2_unLoad &rArr; lv_obj_del &rArr; obj_del_core &rArr;  obj_del_core (Cycle)
</UL>
<BR>[Calls]<UL><LI><a href="#[192]">&gt;&gt;</a>&nbsp;&nbsp;&nbsp;puts
<LI><a href="#[2b6]">&gt;&gt;</a>&nbsp;&nbsp;&nbsp;lv_obj_del
</UL>
<BR>[Address Reference Count : 1]<UL><LI> lto-llvm-39c410.o(.text.lvgl_thread_entry)
</UL>
<P><STRONG><a name="[7a]"></a>translateX_anima_cb</STRONG> (Thumb, 6 bytes, Stack size 0 bytes, lto-llvm-39c410.o(.text.translateX_anima_cb))
<BR><BR>[Stack]<UL><LI>Max Depth = 440 + Unknown Stack Size
<LI>Call Chain = translateX_anima_cb &rArr; lv_obj_set_x &rArr; lv_obj_set_local_style_prop &rArr; lv_style_set_prop &rArr; lv_mem_realloc &rArr; rt_realloc &rArr; _memheap_realloc &rArr; _memheap_alloc &rArr; rt_memheap_alloc &rArr; rt_sem_take &rArr; rt_thread_suspend_to_list &rArr; rt_timer_stop &rArr; rt_exit_critical_safe &rArr; rt_schedule &rArr; rt_kprintf &rArr; rt_vsnprintf &rArr; print_number
</UL>
<BR>[Calls]<UL><LI><a href="#[2bd]">&gt;&gt;</a>&nbsp;&nbsp;&nbsp;lv_obj_set_x
</UL>
<BR>[Address Reference Count : 2]<UL><LI> lto-llvm-39c410.o(.text._pm_anima_appear)
<LI> lto-llvm-39c410.o(.text._pm_anima_disAppear)
</UL>
<P><STRONG><a name="[7b]"></a>anima_ready_cb</STRONG> (Thumb, 30 bytes, Stack size 8 bytes, lto-llvm-39c410.o(.text.anima_ready_cb))
<BR><BR>[Stack]<UL><LI>Max Depth = 304 + Unknown Stack Size
<LI>Call Chain = anima_ready_cb &rArr; rt_free &rArr; rt_memheap_free &rArr; rt_sem_take &rArr; rt_thread_suspend_to_list &rArr; rt_timer_stop &rArr; rt_exit_critical_safe &rArr; rt_schedule &rArr; rt_kprintf &rArr; rt_vsnprintf &rArr; print_number
</UL>
<BR>[Calls]<UL><LI><a href="#[1dd]">&gt;&gt;</a>&nbsp;&nbsp;&nbsp;rt_free
</UL>
<BR>[Address Reference Count : 2]<UL><LI> lto-llvm-39c410.o(.text._pm_anima_appear)
<LI> lto-llvm-39c410.o(.text._pm_anima_disAppear)
</UL>
<P><STRONG><a name="[7d]"></a>translateY_anima_cb</STRONG> (Thumb, 6 bytes, Stack size 0 bytes, lto-llvm-39c410.o(.text.translateY_anima_cb))
<BR><BR>[Stack]<UL><LI>Max Depth = 440 + Unknown Stack Size
<LI>Call Chain = translateY_anima_cb &rArr; lv_obj_set_y &rArr; lv_obj_set_local_style_prop &rArr; lv_style_set_prop &rArr; lv_mem_realloc &rArr; rt_realloc &rArr; _memheap_realloc &rArr; _memheap_alloc &rArr; rt_memheap_alloc &rArr; rt_sem_take &rArr; rt_thread_suspend_to_list &rArr; rt_timer_stop &rArr; rt_exit_critical_safe &rArr; rt_schedule &rArr; rt_kprintf &rArr; rt_vsnprintf &rArr; print_number
</UL>
<BR>[Calls]<UL><LI><a href="#[283]">&gt;&gt;</a>&nbsp;&nbsp;&nbsp;lv_obj_set_y
</UL>
<BR>[Address Reference Count : 2]<UL><LI> lto-llvm-39c410.o(.text._pm_anima_appear)
<LI> lto-llvm-39c410.o(.text._pm_anima_disAppear)
</UL>
<P><STRONG><a name="[2fc]"></a>lv_pm_create_page</STRONG> (Thumb, 200 bytes, Stack size 24 bytes, lto-llvm-39c410.o(.text.lv_pm_create_page))
<BR><BR>[Stack]<UL><LI>Max Depth = 464 + Unknown Stack Size
<LI>Call Chain = lv_pm_create_page &rArr; lv_obj_class_init_obj &rArr; lv_obj_remove_style &rArr; trans_del &rArr; lv_style_remove_prop &rArr; rt_malloc &rArr; _memheap_alloc &rArr; rt_memheap_alloc &rArr; rt_sem_take &rArr; rt_thread_suspend_to_list &rArr; rt_timer_stop &rArr; rt_exit_critical_safe &rArr; rt_schedule &rArr; rt_kprintf &rArr; rt_vsnprintf &rArr; print_number
</UL>
<BR>[Calls]<UL><LI><a href="#[255]">&gt;&gt;</a>&nbsp;&nbsp;&nbsp;rt_calloc
<LI><a href="#[1e2]">&gt;&gt;</a>&nbsp;&nbsp;&nbsp;lv_obj_class_init_obj
<LI><a href="#[1e1]">&gt;&gt;</a>&nbsp;&nbsp;&nbsp;lv_obj_class_create_obj
<LI><a href="#[1d6]">&gt;&gt;</a>&nbsp;&nbsp;&nbsp;lv_obj_add_flag
<LI><a href="#[2bc]">&gt;&gt;</a>&nbsp;&nbsp;&nbsp;lv_obj_set_height
<LI><a href="#[1e3]">&gt;&gt;</a>&nbsp;&nbsp;&nbsp;lv_obj_set_local_style_prop
<LI><a href="#[2a0]">&gt;&gt;</a>&nbsp;&nbsp;&nbsp;lv_obj_set_width
</UL>
<BR>[Called By]<UL><LI><a href="#[d5]">&gt;&gt;</a>&nbsp;&nbsp;&nbsp;lvgl_thread_entry
</UL>

<P><STRONG><a name="[b8]"></a>_disAppear_complete_cb</STRONG> (Thumb, 40 bytes, Stack size 8 bytes, lto-llvm-39c410.o(.text._disAppear_complete_cb))
<BR><BR>[Stack]<UL><LI>Max Depth = 384<LI>Call Chain = _disAppear_complete_cb &rArr; lv_obj_add_flag &rArr; focus_next_core &rArr; lv_obj_invalidate &rArr; lv_obj_invalidate_area &rArr; lv_obj_area_is_visible &rArr; lv_obj_get_transformed_area &rArr; lv_obj_transform_point &rArr;  lv_obj_transform_point (Cycle)
</UL>
<BR>[Calls]<UL><LI><a href="#[1d6]">&gt;&gt;</a>&nbsp;&nbsp;&nbsp;lv_obj_add_flag
</UL>
<BR>[Address Reference Count : 1]<UL><LI> lto-llvm-39c410.o(.text.lv_pm_open_page)
</UL>
<P><STRONG><a name="[b9]"></a>_appear_complete_cb</STRONG> (Thumb, 10 bytes, Stack size 0 bytes, lto-llvm-39c410.o(.text._appear_complete_cb))
<BR>[Address Reference Count : 1]<UL><LI> lto-llvm-39c410.o(.text.lv_pm_open_page)
</UL>
<P><STRONG><a name="[150]"></a>lvgl_thread_init</STRONG> (Thumb, 68 bytes, Stack size 24 bytes, lto-llvm-39c410.o(.text.lvgl_thread_init))
<BR><BR>[Stack]<UL><LI>Max Depth = 312 + Unknown Stack Size
<LI>Call Chain = lvgl_thread_init &rArr; rt_thread_init &rArr; _thread_init &rArr; rt_object_init &rArr; rt_exit_critical_safe &rArr; rt_schedule &rArr; rt_kprintf &rArr; rt_vsnprintf &rArr; print_number
</UL>
<BR>[Calls]<UL><LI><a href="#[1c5]">&gt;&gt;</a>&nbsp;&nbsp;&nbsp;rt_thread_startup
<LI><a href="#[1cb]">&gt;&gt;</a>&nbsp;&nbsp;&nbsp;rt_thread_init
</UL>
<BR>[Address Reference Count : 1]<UL><LI> lto-llvm-39c410.o(.rti_fn.5)
</UL>
<P><STRONG><a name="[d5]"></a>lvgl_thread_entry</STRONG> (Thumb, 2328 bytes, Stack size 0 bytes, lto-llvm-39c410.o(.text.lvgl_thread_entry))
<BR><BR>[Stack]<UL><LI>Max Depth = 488 + Unknown Stack Size
<LI>Call Chain = lvgl_thread_entry &rArr; lv_pm_open_page &rArr; _pm_anima_appear &rArr; lv_obj_set_local_style_prop &rArr; lv_style_set_prop &rArr; lv_mem_realloc &rArr; rt_realloc &rArr; _memheap_realloc &rArr; _memheap_alloc &rArr; rt_memheap_alloc &rArr; rt_sem_take &rArr; rt_thread_suspend_to_list &rArr; rt_timer_stop &rArr; rt_exit_critical_safe &rArr; rt_schedule &rArr; rt_kprintf &rArr; rt_vsnprintf &rArr; print_number
</UL>
<BR>[Calls]<UL><LI><a href="#[1a1]">&gt;&gt;</a>&nbsp;&nbsp;&nbsp;__aeabi_memclr4
<LI><a href="#[236]">&gt;&gt;</a>&nbsp;&nbsp;&nbsp;rt_device_control
<LI><a href="#[1bc]">&gt;&gt;</a>&nbsp;&nbsp;&nbsp;rt_assert_handler
<LI><a href="#[1c2]">&gt;&gt;</a>&nbsp;&nbsp;&nbsp;rt_device_open
<LI><a href="#[1c0]">&gt;&gt;</a>&nbsp;&nbsp;&nbsp;rt_object_find
<LI><a href="#[28f]">&gt;&gt;</a>&nbsp;&nbsp;&nbsp;rt_thread_mdelay
<LI><a href="#[1dd]">&gt;&gt;</a>&nbsp;&nbsp;&nbsp;rt_free
<LI><a href="#[1da]">&gt;&gt;</a>&nbsp;&nbsp;&nbsp;rt_malloc
<LI><a href="#[207]">&gt;&gt;</a>&nbsp;&nbsp;&nbsp;rt_kprintf
<LI><a href="#[30e]">&gt;&gt;</a>&nbsp;&nbsp;&nbsp;report_style_change_core
<LI><a href="#[2df]">&gt;&gt;</a>&nbsp;&nbsp;&nbsp;lv_layout_register
<LI><a href="#[30d]">&gt;&gt;</a>&nbsp;&nbsp;&nbsp;style_init
<LI><a href="#[297]">&gt;&gt;</a>&nbsp;&nbsp;&nbsp;lv_timer_create
<LI><a href="#[307]">&gt;&gt;</a>&nbsp;&nbsp;&nbsp;lv_style_register_prop
<LI><a href="#[1e2]">&gt;&gt;</a>&nbsp;&nbsp;&nbsp;lv_obj_class_init_obj
<LI><a href="#[1e1]">&gt;&gt;</a>&nbsp;&nbsp;&nbsp;lv_obj_class_create_obj
<LI><a href="#[1db]">&gt;&gt;</a>&nbsp;&nbsp;&nbsp;_lv_ll_ins_head
<LI><a href="#[1dc]">&gt;&gt;</a>&nbsp;&nbsp;&nbsp;_lv_ll_remove
<LI><a href="#[2e9]">&gt;&gt;</a>&nbsp;&nbsp;&nbsp;lv_obj_remove_style
<LI><a href="#[20f]">&gt;&gt;</a>&nbsp;&nbsp;&nbsp;lv_obj_clear_flag
<LI><a href="#[2fa]">&gt;&gt;</a>&nbsp;&nbsp;&nbsp;lv_obj_set_scrollbar_mode
<LI><a href="#[1f5]">&gt;&gt;</a>&nbsp;&nbsp;&nbsp;lv_obj_invalidate
<LI><a href="#[1e0]">&gt;&gt;</a>&nbsp;&nbsp;&nbsp;lv_memset_00
<LI><a href="#[2fc]">&gt;&gt;</a>&nbsp;&nbsp;&nbsp;lv_pm_create_page
<LI><a href="#[210]">&gt;&gt;</a>&nbsp;&nbsp;&nbsp;lv_pm_open_page
</UL>
<BR>[Address Reference Count : 1]<UL><LI> lto-llvm-39c410.o(.text.lvgl_thread_init)
</UL>
<P><STRONG><a name="[cc]"></a>disp_flush</STRONG> (Thumb, 266 bytes, Stack size 48 bytes, lto-llvm-39c410.o(.text.disp_flush))
<BR><BR>[Stack]<UL><LI>Max Depth = 96<LI>Call Chain = disp_flush &rArr; rt_device_control &rArr; rt_assert_handler &rArr;  rt_kprintf (Cycle)
</UL>
<BR>[Calls]<UL><LI><a href="#[236]">&gt;&gt;</a>&nbsp;&nbsp;&nbsp;rt_device_control
<LI><a href="#[235]">&gt;&gt;</a>&nbsp;&nbsp;&nbsp;__aeabi_memcpy
</UL>
<BR>[Address Reference Count : 1]<UL><LI> lto-llvm-39c410.o(.text.lvgl_thread_entry)
</UL>
<P><STRONG><a name="[cf]"></a>touchpad_read</STRONG> (Thumb, 252 bytes, Stack size 24 bytes, lto-llvm-39c410.o(.text.touchpad_read))
<BR><BR>[Stack]<UL><LI>Max Depth = 80<LI>Call Chain = touchpad_read &rArr; rt_device_read &rArr; rt_assert_handler &rArr;  rt_kprintf (Cycle)
</UL>
<BR>[Calls]<UL><LI><a href="#[257]">&gt;&gt;</a>&nbsp;&nbsp;&nbsp;rt_device_read
</UL>
<BR>[Address Reference Count : 1]<UL><LI> lto-llvm-39c410.o(.text.lvgl_thread_entry)
</UL><P>
<H3>
Undefined Global Symbols
</H3><HR></body></html>
